Component: ARM Compiler 5.06 update 6 (build 750) Tool: armlink [4d35ed]

==============================================================================

Section Cross References

    main.o(i.main) refers to led.o(i.LED_Init) for LED_Init
    main.o(i.main) refers to delay.o(i.delay_init) for delay_init
    main.o(i.main) refers to oled.o(i.OLED_Init) for OLED_Init
    main.o(i.main) refers to oled.o(i.Clock_Test) for Clock_Test
    main.o(i.main) refers to led.o(i.LED_Check) for LED_Check
    system_stm32f10x.o(i.SetSysClock) refers to system_stm32f10x.o(i.SetSysClockTo72) for SetSysClockTo72
    system_stm32f10x.o(i.SystemCoreClockUpdate) refers to system_stm32f10x.o(.data) for SystemCoreClock
    system_stm32f10x.o(i.SystemInit) refers to system_stm32f10x.o(i.SetSysClock) for SetSysClock
    delay.o(i.delay_init) refers to misc_1.o(i.SysTick_CLKSourceConfig) for SysTick_CLKSourceConfig
    delay.o(i.delay_init) refers to system_stm32f10x.o(.data) for SystemCoreClock
    delay.o(i.delay_init) refers to delay.o(.data) for fac_us
    delay.o(i.delay_ms) refers to delay.o(.data) for fac_ms
    delay.o(i.delay_us) refers to delay.o(.data) for fac_us
    sys.o(i.NVIC_Configuration) refers to misc_1.o(i.NVIC_PriorityGroupConfig) for NVIC_PriorityGroupConfig
    usart.o(i.USART1_IRQHandler) refers (Special) to use_no_semi_2.o(.text) for __use_no_semihosting
    usart.o(i.USART1_IRQHandler) refers to stm32f10x_usart.o(i.USART_GetITStatus) for USART_GetITStatus
    usart.o(i.USART1_IRQHandler) refers to stm32f10x_usart.o(i.USART_ReceiveData) for USART_ReceiveData
    usart.o(i.USART1_IRQHandler) refers to usart.o(.data) for USART_RX_STA
    usart.o(i.USART1_IRQHandler) refers to usart.o(.bss) for USART_RX_BUF
    usart.o(i._sys_exit) refers (Special) to use_no_semi_2.o(.text) for __use_no_semihosting
    usart.o(i.fputc) refers (Special) to use_no_semi_2.o(.text) for __use_no_semihosting
    usart.o(i.uart_init) refers (Special) to use_no_semi_2.o(.text) for __use_no_semihosting
    usart.o(i.uart_init) refers to stm32f10x_rcc.o(i.RCC_APB2PeriphClockCmd) for RCC_APB2PeriphClockCmd
    usart.o(i.uart_init) refers to stm32f10x_gpio.o(i.GPIO_Init) for GPIO_Init
    usart.o(i.uart_init) refers to misc_1.o(i.NVIC_Init) for NVIC_Init
    usart.o(i.uart_init) refers to stm32f10x_usart.o(i.USART_Init) for USART_Init
    usart.o(i.uart_init) refers to stm32f10x_usart.o(i.USART_ITConfig) for USART_ITConfig
    usart.o(i.uart_init) refers to stm32f10x_usart.o(i.USART_Cmd) for USART_Cmd
    usart.o(.bss) refers (Special) to use_no_semi_2.o(.text) for __use_no_semihosting
    usart.o(.data) refers (Special) to use_no_semi_2.o(.text) for __use_no_semihosting
    startup_stm32f10x_md.o(STACK) refers (Special) to heapauxi.o(.text) for __use_two_region_memory
    startup_stm32f10x_md.o(HEAP) refers (Special) to heapauxi.o(.text) for __use_two_region_memory
    startup_stm32f10x_md.o(RESET) refers (Special) to heapauxi.o(.text) for __use_two_region_memory
    startup_stm32f10x_md.o(RESET) refers to startup_stm32f10x_md.o(STACK) for __initial_sp
    startup_stm32f10x_md.o(RESET) refers to startup_stm32f10x_md.o(.text) for Reset_Handler
    startup_stm32f10x_md.o(RESET) refers to stm32f10x_it.o(i.NMI_Handler) for NMI_Handler
    startup_stm32f10x_md.o(RESET) refers to stm32f10x_it.o(i.HardFault_Handler) for HardFault_Handler
    startup_stm32f10x_md.o(RESET) refers to stm32f10x_it.o(i.MemManage_Handler) for MemManage_Handler
    startup_stm32f10x_md.o(RESET) refers to stm32f10x_it.o(i.BusFault_Handler) for BusFault_Handler
    startup_stm32f10x_md.o(RESET) refers to stm32f10x_it.o(i.UsageFault_Handler) for UsageFault_Handler
    startup_stm32f10x_md.o(RESET) refers to stm32f10x_it.o(i.SVC_Handler) for SVC_Handler
    startup_stm32f10x_md.o(RESET) refers to stm32f10x_it.o(i.DebugMon_Handler) for DebugMon_Handler
    startup_stm32f10x_md.o(RESET) refers to stm32f10x_it.o(i.PendSV_Handler) for PendSV_Handler
    startup_stm32f10x_md.o(RESET) refers to stm32f10x_it.o(i.SysTick_Handler) for SysTick_Handler
    startup_stm32f10x_md.o(RESET) refers to usart.o(i.USART1_IRQHandler) for USART1_IRQHandler
    startup_stm32f10x_md.o(.text) refers (Special) to heapauxi.o(.text) for __use_two_region_memory
    startup_stm32f10x_md.o(.text) refers to system_stm32f10x.o(i.SystemInit) for SystemInit
    startup_stm32f10x_md.o(.text) refers to __main.o(!!!main) for __main
    startup_stm32f10x_md.o(.text) refers to startup_stm32f10x_md.o(HEAP) for Heap_Mem
    startup_stm32f10x_md.o(.text) refers to startup_stm32f10x_md.o(STACK) for Stack_Mem
    stm32f10x_gpio.o(i.GPIO_AFIODeInit) refers to stm32f10x_rcc.o(i.RCC_APB2PeriphResetCmd) for RCC_APB2PeriphResetCmd
    stm32f10x_gpio.o(i.GPIO_DeInit) refers to stm32f10x_rcc.o(i.RCC_APB2PeriphResetCmd) for RCC_APB2PeriphResetCmd
    stm32f10x_rcc.o(i.RCC_GetClocksFreq) refers to stm32f10x_rcc.o(.data) for APBAHBPrescTable
    stm32f10x_rcc.o(i.RCC_WaitForHSEStartUp) refers to stm32f10x_rcc.o(i.RCC_GetFlagStatus) for RCC_GetFlagStatus
    stm32f10x_usart.o(i.USART_DeInit) refers to stm32f10x_rcc.o(i.RCC_APB2PeriphResetCmd) for RCC_APB2PeriphResetCmd
    stm32f10x_usart.o(i.USART_DeInit) refers to stm32f10x_rcc.o(i.RCC_APB1PeriphResetCmd) for RCC_APB1PeriphResetCmd
    stm32f10x_usart.o(i.USART_Init) refers to stm32f10x_rcc.o(i.RCC_GetClocksFreq) for RCC_GetClocksFreq
    led.o(i.LED_Check) refers to delay.o(i.delay_ms) for delay_ms
    led.o(i.LED_Init) refers to stm32f10x_rcc.o(i.RCC_APB2PeriphClockCmd) for RCC_APB2PeriphClockCmd
    led.o(i.LED_Init) refers to stm32f10x_gpio.o(i.GPIO_Init) for GPIO_Init
    led.o(i.LED_Init) refers to stm32f10x_gpio.o(i.GPIO_SetBits) for GPIO_SetBits
    oled.o(i.Clock_Test) refers to oled.o(i.ssd1331_display_Chinese) for ssd1331_display_Chinese
    oled.o(i.Clock_Test) refers to oled.o(i.ssd1331_draw_64Kpattern) for ssd1331_draw_64Kpattern
    oled.o(i.Clock_Test) refers to delay.o(i.delay_ms) for delay_ms
    oled.o(i.Clock_Test) refers to ssd1331.o(i.Fill_RAM) for Fill_RAM
    oled.o(i.Clock_Test) refers to oled.o(i.ssd1331_draw_bitmap) for ssd1331_draw_bitmap
    oled.o(i.Clock_Test) refers to oled.o(i.ssd1331_display_char) for ssd1331_display_char
    oled.o(i.Clock_Test) refers to oled.o(i.ssd1331_display_string) for ssd1331_display_string
    oled.o(i.Clock_Test) refers to gimage.o(.data) for gImage_hebust_40x39
    oled.o(i.OLED_Init) refers to stm32f10x_rcc.o(i.RCC_APB2PeriphClockCmd) for RCC_APB2PeriphClockCmd
    oled.o(i.OLED_Init) refers to stm32f10x_gpio.o(i.GPIO_Init) for GPIO_Init
    oled.o(i.OLED_Init) refers to stm32f10x_gpio.o(i.GPIO_SetBits) for GPIO_SetBits
    oled.o(i.OLED_Init) refers to stm32f10x_gpio.o(i.GPIO_ResetBits) for GPIO_ResetBits
    oled.o(i.OLED_Init) refers to ssd1331.o(i.uOLED_Delay) for uOLED_Delay
    oled.o(i.OLED_Init) refers to ssd1331.o(i.Set_Display_On_Off) for Set_Display_On_Off
    oled.o(i.OLED_Init) refers to ssd1331.o(i.Set_Remap_Format) for Set_Remap_Format
    oled.o(i.OLED_Init) refers to ssd1331.o(i.Set_Start_Line) for Set_Start_Line
    oled.o(i.OLED_Init) refers to ssd1331.o(i.Set_Display_Offset) for Set_Display_Offset
    oled.o(i.OLED_Init) refers to ssd1331.o(i.Set_Display_Mode) for Set_Display_Mode
    oled.o(i.OLED_Init) refers to ssd1331.o(i.Set_Multiplex_Ratio) for Set_Multiplex_Ratio
    oled.o(i.OLED_Init) refers to ssd1331.o(i.Set_Master_Configuration) for Set_Master_Configuration
    oled.o(i.OLED_Init) refers to ssd1331.o(i.Set_Power_Saving_Mode) for Set_Power_Saving_Mode
    oled.o(i.OLED_Init) refers to ssd1331.o(i.Set_Reset_Pre_charge_period) for Set_Reset_Pre_charge_period
    oled.o(i.OLED_Init) refers to ssd1331.o(i.Set_Oscillator_Frequency_Clock_Divider) for Set_Oscillator_Frequency_Clock_Divider
    oled.o(i.OLED_Init) refers to ssd1331.o(i.Set_Second_Pre_charge_Speed_of_Color) for Set_Second_Pre_charge_Speed_of_Color
    oled.o(i.OLED_Init) refers to ssd1331.o(i.Set_Pre_charge_Level) for Set_Pre_charge_Level
    oled.o(i.OLED_Init) refers to ssd1331.o(i.Set_VCOMH) for Set_VCOMH
    oled.o(i.OLED_Init) refers to ssd1331.o(i.Set_Master_Current) for Set_Master_Current
    oled.o(i.OLED_Init) refers to ssd1331.o(i.Set_Contrast_Color) for Set_Contrast_Color
    oled.o(i.OLED_Init) refers to ssd1331.o(i.Fill_Enable_Disable) for Fill_Enable_Disable
    oled.o(i.OLED_Init) refers to ssd1331.o(i.Fill_RAM) for Fill_RAM
    oled.o(i.ssd1331_DrawCircle) refers to oled.o(i.ssd1331_draw_point) for ssd1331_draw_point
    oled.o(i.ssd1331_DrawLine) refers to oled.o(i.ssd1331_draw_point) for ssd1331_draw_point
    oled.o(i.ssd1331_DrawRectangle) refers to ssd1331.o(i.Draw_Rectangle) for Draw_Rectangle
    oled.o(i.ssd1331_clear_screen) refers to ssd1331.o(i.Fill_RAM) for Fill_RAM
    oled.o(i.ssd1331_copy) refers to ssd1331.o(i.copy) for copy
    oled.o(i.ssd1331_display_Chinese) refers to oled.o(i.ssd1331_draw_point) for ssd1331_draw_point
    oled.o(i.ssd1331_display_Chinese) refers to font.o(.data) for CHINESE
    oled.o(i.ssd1331_display_char) refers to oled.o(i.ssd1331_draw_point) for ssd1331_draw_point
    oled.o(i.ssd1331_display_char) refers to font.o(.data) for oled_asc2_1206
    oled.o(i.ssd1331_display_number) refers to oled.o(i.ssd1331_pow) for ssd1331_pow
    oled.o(i.ssd1331_display_number) refers to oled.o(i.ssd1331_display_char) for ssd1331_display_char
    oled.o(i.ssd1331_display_string) refers to ssd1331.o(i.Fill_RAM) for Fill_RAM
    oled.o(i.ssd1331_display_string) refers to oled.o(i.ssd1331_display_char) for ssd1331_display_char
    oled.o(i.ssd1331_display_string_screen_center) refers to strlen.o(.text) for strlen
    oled.o(i.ssd1331_display_string_screen_center) refers to oled.o(i.ssd1331_display_string) for ssd1331_display_string
    oled.o(i.ssd1331_draw_64Kpattern) refers to ssd1331.o(i.Show_64k_Pattern) for Show_64k_Pattern
    oled.o(i.ssd1331_draw_bitmap) refers to oled.o(i.ssd1331_draw_point) for ssd1331_draw_point
    oled.o(i.ssd1331_draw_h_line) refers to oled.o(i.ssd1331_draw_point) for ssd1331_draw_point
    oled.o(i.ssd1331_draw_point) refers to ssd1331.o(i.Set_Column_Address) for Set_Column_Address
    oled.o(i.ssd1331_draw_point) refers to ssd1331.o(i.Set_Row_Address) for Set_Row_Address
    oled.o(i.ssd1331_draw_point) refers to oled.o(i.ssd1331_set_color) for ssd1331_set_color
    oled.o(i.ssd1331_draw_v_line) refers to oled.o(i.ssd1331_draw_point) for ssd1331_draw_point
    oled.o(i.ssd1331_fill_black) refers to ssd1331.o(i.Fill_Block) for Fill_Block
    oled.o(i.ssd1331_set_color) refers to ssd1331.o(i.Write_Data) for Write_Data
    oled.o(i.ssd1331_vertical_scroll) refers to ssd1331.o(i.Vertical_Scroll) for Vertical_Scroll
    ssd1331.o(i.Checkerboard) refers to ssd1331.o(i.Set_Column_Address) for Set_Column_Address
    ssd1331.o(i.Checkerboard) refers to ssd1331.o(i.Set_Row_Address) for Set_Row_Address
    ssd1331.o(i.Checkerboard) refers to ssd1331.o(i.Write_Data) for Write_Data
    ssd1331.o(i.Clear_Windows) refers to ssd1331.o(i.Write_Command) for Write_Command
    ssd1331.o(i.Clear_Windows) refers to ssd1331.o(i.Write_Data) for Write_Data
    ssd1331.o(i.Deactivate_Scroll) refers to ssd1331.o(i.Write_Command) for Write_Command
    ssd1331.o(i.Draw_Line) refers to ssd1331.o(i.Write_Command) for Write_Command
    ssd1331.o(i.Draw_Rectangle) refers to ssd1331.o(i.Write_Command) for Write_Command
    ssd1331.o(i.Fade_In) refers to ssd1331.o(i.Set_Display_On_Off) for Set_Display_On_Off
    ssd1331.o(i.Fade_In) refers to ssd1331.o(i.Set_Brightness) for Set_Brightness
    ssd1331.o(i.Fade_In) refers to delay.o(i.delay_ms) for delay_ms
    ssd1331.o(i.Fade_Out) refers to ssd1331.o(i.Set_Brightness) for Set_Brightness
    ssd1331.o(i.Fade_Out) refers to delay.o(i.delay_ms) for delay_ms
    ssd1331.o(i.Fade_Out) refers to ssd1331.o(i.Set_Display_On_Off) for Set_Display_On_Off
    ssd1331.o(i.Fill_Block) refers to ssd1331.o(i.Set_Column_Address) for Set_Column_Address
    ssd1331.o(i.Fill_Block) refers to ssd1331.o(i.Set_Row_Address) for Set_Row_Address
    ssd1331.o(i.Fill_Block) refers to ssd1331.o(i.Write_Data) for Write_Data
    ssd1331.o(i.Fill_Enable_Disable) refers to ssd1331.o(i.Write_Command) for Write_Command
    ssd1331.o(i.Fill_RAM) refers to ssd1331.o(i.Set_Column_Address) for Set_Column_Address
    ssd1331.o(i.Fill_RAM) refers to ssd1331.o(i.Set_Row_Address) for Set_Row_Address
    ssd1331.o(i.Fill_RAM) refers to ssd1331.o(i.Write_Data) for Write_Data
    ssd1331.o(i.OLED_Delay) refers to ssd1331.o(i.uOLED_Delay) for uOLED_Delay
    ssd1331.o(i.Rainbow) refers to ssd1331.o(i.Fill_Block) for Fill_Block
    ssd1331.o(i.Set_Brightness) refers to ssd1331.o(i.Set_Master_Current) for Set_Master_Current
    ssd1331.o(i.Set_Column_Address) refers to ssd1331.o(i.Write_Command) for Write_Command
    ssd1331.o(i.Set_Command_Lock) refers to ssd1331.o(i.Write_Command) for Write_Command
    ssd1331.o(i.Set_Contrast_Color) refers to ssd1331.o(i.Write_Command) for Write_Command
    ssd1331.o(i.Set_Display_Mode) refers to ssd1331.o(i.Write_Command) for Write_Command
    ssd1331.o(i.Set_Display_Offset) refers to ssd1331.o(i.Write_Command) for Write_Command
    ssd1331.o(i.Set_Display_On_Off) refers to ssd1331.o(i.Write_Command) for Write_Command
    ssd1331.o(i.Set_Gray_Scale_Table) refers to ssd1331.o(i.Write_Command) for Write_Command
    ssd1331.o(i.Set_Gray_Scale_Table) refers to ssd1331.o(i.Write_Data) for Write_Data
    ssd1331.o(i.Set_Linear_Gray_Scale_Table) refers to ssd1331.o(i.Write_Command) for Write_Command
    ssd1331.o(i.Set_Master_Configuration) refers to ssd1331.o(i.Write_Command) for Write_Command
    ssd1331.o(i.Set_Master_Current) refers to ssd1331.o(i.Write_Command) for Write_Command
    ssd1331.o(i.Set_Multiplex_Ratio) refers to ssd1331.o(i.Write_Command) for Write_Command
    ssd1331.o(i.Set_Oscillator_Frequency_Clock_Divider) refers to ssd1331.o(i.Write_Command) for Write_Command
    ssd1331.o(i.Set_Power_Saving_Mode) refers to ssd1331.o(i.Write_Command) for Write_Command
    ssd1331.o(i.Set_Pre_charge_Level) refers to ssd1331.o(i.Write_Command) for Write_Command
    ssd1331.o(i.Set_Remap_Format) refers to ssd1331.o(i.Write_Command) for Write_Command
    ssd1331.o(i.Set_Reset_Pre_charge_period) refers to ssd1331.o(i.Write_Command) for Write_Command
    ssd1331.o(i.Set_Row_Address) refers to ssd1331.o(i.Write_Command) for Write_Command
    ssd1331.o(i.Set_Second_Pre_charge_Speed_of_Color) refers to ssd1331.o(i.Write_Command) for Write_Command
    ssd1331.o(i.Set_Start_Line) refers to ssd1331.o(i.Write_Command) for Write_Command
    ssd1331.o(i.Set_VCOMH) refers to ssd1331.o(i.Write_Command) for Write_Command
    ssd1331.o(i.Show_256k_Pattern) refers to ssd1331.o(i.Set_Column_Address) for Set_Column_Address
    ssd1331.o(i.Show_256k_Pattern) refers to ssd1331.o(i.Set_Row_Address) for Set_Row_Address
    ssd1331.o(i.Show_256k_Pattern) refers to ssd1331.o(i.Write_Data) for Write_Data
    ssd1331.o(i.Show_64k_Pattern) refers to ssd1331.o(i.Set_Column_Address) for Set_Column_Address
    ssd1331.o(i.Show_64k_Pattern) refers to ssd1331.o(i.Set_Row_Address) for Set_Row_Address
    ssd1331.o(i.Show_64k_Pattern) refers to ssd1331.o(i.Write_Data) for Write_Data
    ssd1331.o(i.Sleep_Wake) refers to ssd1331.o(i.Set_Display_Mode) for Set_Display_Mode
    ssd1331.o(i.Sleep_Wake) refers to ssd1331.o(i.Set_Display_On_Off) for Set_Display_On_Off
    ssd1331.o(i.Vertical_Scroll) refers to ssd1331.o(i.Set_Start_Line) for Set_Start_Line
    ssd1331.o(i.Vertical_Scroll) refers to delay.o(i.delay_ms) for delay_ms
    ssd1331.o(i.Write_Command) refers to stm32f10x_gpio.o(i.GPIO_ResetBits) for GPIO_ResetBits
    ssd1331.o(i.Write_Command) refers to stm32f10x_gpio.o(i.GPIO_SetBits) for GPIO_SetBits
    ssd1331.o(i.Write_Data) refers to stm32f10x_gpio.o(i.GPIO_ResetBits) for GPIO_ResetBits
    ssd1331.o(i.Write_Data) refers to stm32f10x_gpio.o(i.GPIO_SetBits) for GPIO_SetBits
    ssd1331.o(i.copy) refers to ssd1331.o(i.Write_Command) for Write_Command
    use_no_semi_2.o(.text) refers (Special) to use_no_semi.o(.text) for __use_no_semihosting_swi
    __main.o(!!!main) refers to __rtentry.o(.ARM.Collect$$rtentry$$00000000) for __rt_entry
    __rtentry.o(.ARM.Collect$$rtentry$$00000000) refers (Special) to __rtentry2.o(.ARM.Collect$$rtentry$$0000000A) for __rt_entry_li
    __rtentry.o(.ARM.Collect$$rtentry$$00000000) refers (Special) to __rtentry2.o(.ARM.Collect$$rtentry$$0000000D) for __rt_entry_main
    __rtentry.o(.ARM.Collect$$rtentry$$00000000) refers (Special) to __rtentry2.o(.ARM.Collect$$rtentry$$0000000C) for __rt_entry_postli_1
    __rtentry.o(.ARM.Collect$$rtentry$$00000000) refers (Special) to __rtentry2.o(.ARM.Collect$$rtentry$$00000009) for __rt_entry_postsh_1
    __rtentry.o(.ARM.Collect$$rtentry$$00000000) refers (Special) to __rtentry2.o(.ARM.Collect$$rtentry$$00000002) for __rt_entry_presh_1
    __rtentry.o(.ARM.Collect$$rtentry$$00000000) refers (Special) to __rtentry4.o(.ARM.Collect$$rtentry$$00000004) for __rt_entry_sh
    __rtentry2.o(.ARM.Collect$$rtentry$$00000008) refers to boardinit2.o(.text) for _platform_post_stackheap_init
    __rtentry2.o(.ARM.Collect$$rtentry$$0000000A) refers to libinit.o(.ARM.Collect$$libinit$$00000000) for __rt_lib_init
    __rtentry2.o(.ARM.Collect$$rtentry$$0000000B) refers to boardinit3.o(.text) for _platform_post_lib_init
    __rtentry2.o(.ARM.Collect$$rtentry$$0000000D) refers to main.o(i.main) for main
    __rtentry2.o(.ARM.Collect$$rtentry$$0000000D) refers to exit.o(.text) for exit
    __rtentry2.o(.ARM.exidx) refers to __rtentry2.o(.ARM.Collect$$rtentry$$00000001) for .ARM.Collect$$rtentry$$00000001
    __rtentry2.o(.ARM.exidx) refers to __rtentry2.o(.ARM.Collect$$rtentry$$00000008) for .ARM.Collect$$rtentry$$00000008
    __rtentry2.o(.ARM.exidx) refers to __rtentry2.o(.ARM.Collect$$rtentry$$0000000A) for .ARM.Collect$$rtentry$$0000000A
    __rtentry2.o(.ARM.exidx) refers to __rtentry2.o(.ARM.Collect$$rtentry$$0000000B) for .ARM.Collect$$rtentry$$0000000B
    __rtentry2.o(.ARM.exidx) refers to __rtentry2.o(.ARM.Collect$$rtentry$$0000000D) for .ARM.Collect$$rtentry$$0000000D
    __rtentry4.o(.ARM.Collect$$rtentry$$00000004) refers to sys_stackheap_outer.o(.text) for __user_setup_stackheap
    __rtentry4.o(.ARM.exidx) refers to __rtentry4.o(.ARM.Collect$$rtentry$$00000004) for .ARM.Collect$$rtentry$$00000004
    sys_stackheap_outer.o(.text) refers to libspace.o(.text) for __user_perproc_libspace
    sys_stackheap_outer.o(.text) refers to startup_stm32f10x_md.o(.text) for __user_initial_stackheap
    exit.o(.text) refers to rtexit.o(.ARM.Collect$$rtexit$$00000000) for __rt_exit
    libinit.o(.ARM.Collect$$libinit$$00000000) refers (Special) to libinit2.o(.ARM.Collect$$libinit$$0000002E) for __rt_lib_init_alloca_1
    libinit.o(.ARM.Collect$$libinit$$00000000) refers (Special) to libinit2.o(.ARM.Collect$$libinit$$0000002C) for __rt_lib_init_argv_1
    libinit.o(.ARM.Collect$$libinit$$00000000) refers (Special) to libinit2.o(.ARM.Collect$$libinit$$0000001B) for __rt_lib_init_atexit_1
    libinit.o(.ARM.Collect$$libinit$$00000000) refers (Special) to libinit2.o(.ARM.Collect$$libinit$$00000021) for __rt_lib_init_clock_1
    libinit.o(.ARM.Collect$$libinit$$00000000) refers (Special) to libinit2.o(.ARM.Collect$$libinit$$00000032) for __rt_lib_init_cpp_1
    libinit.o(.ARM.Collect$$libinit$$00000000) refers (Special) to libinit2.o(.ARM.Collect$$libinit$$00000030) for __rt_lib_init_exceptions_1
    libinit.o(.ARM.Collect$$libinit$$00000000) refers (Special) to libinit2.o(.ARM.Collect$$libinit$$00000002) for __rt_lib_init_fp_1
    libinit.o(.ARM.Collect$$libinit$$00000000) refers (Special) to libinit2.o(.ARM.Collect$$libinit$$0000001F) for __rt_lib_init_fp_trap_1
    libinit.o(.ARM.Collect$$libinit$$00000000) refers (Special) to libinit2.o(.ARM.Collect$$libinit$$00000023) for __rt_lib_init_getenv_1
    libinit.o(.ARM.Collect$$libinit$$00000000) refers (Special) to libinit2.o(.ARM.Collect$$libinit$$0000000A) for __rt_lib_init_heap_1
    libinit.o(.ARM.Collect$$libinit$$00000000) refers (Special) to libinit2.o(.ARM.Collect$$libinit$$00000011) for __rt_lib_init_lc_collate_1
    libinit.o(.ARM.Collect$$libinit$$00000000) refers (Special) to libinit2.o(.ARM.Collect$$libinit$$00000013) for __rt_lib_init_lc_ctype_1
    libinit.o(.ARM.Collect$$libinit$$00000000) refers (Special) to libinit2.o(.ARM.Collect$$libinit$$00000015) for __rt_lib_init_lc_monetary_1
    libinit.o(.ARM.Collect$$libinit$$00000000) refers (Special) to libinit2.o(.ARM.Collect$$libinit$$00000017) for __rt_lib_init_lc_numeric_1
    libinit.o(.ARM.Collect$$libinit$$00000000) refers (Special) to libinit2.o(.ARM.Collect$$libinit$$00000019) for __rt_lib_init_lc_time_1
    libinit.o(.ARM.Collect$$libinit$$00000000) refers (Special) to libinit2.o(.ARM.Collect$$libinit$$00000004) for __rt_lib_init_preinit_1
    libinit.o(.ARM.Collect$$libinit$$00000000) refers (Special) to libinit2.o(.ARM.Collect$$libinit$$0000000E) for __rt_lib_init_rand_1
    libinit.o(.ARM.Collect$$libinit$$00000000) refers (Special) to libinit2.o(.ARM.Collect$$libinit$$00000033) for __rt_lib_init_return
    libinit.o(.ARM.Collect$$libinit$$00000000) refers (Special) to libinit2.o(.ARM.Collect$$libinit$$0000001D) for __rt_lib_init_signal_1
    libinit.o(.ARM.Collect$$libinit$$00000000) refers (Special) to libinit2.o(.ARM.Collect$$libinit$$00000025) for __rt_lib_init_stdio_1
    libinit.o(.ARM.Collect$$libinit$$00000000) refers (Special) to libinit2.o(.ARM.Collect$$libinit$$0000000C) for __rt_lib_init_user_alloc_1
    libspace.o(.text) refers to libspace.o(.bss) for __libspace_start
    rtexit.o(.ARM.Collect$$rtexit$$00000000) refers (Special) to rtexit2.o(.ARM.Collect$$rtexit$$00000004) for __rt_exit_exit
    rtexit.o(.ARM.Collect$$rtexit$$00000000) refers (Special) to rtexit2.o(.ARM.Collect$$rtexit$$00000003) for __rt_exit_ls
    rtexit.o(.ARM.Collect$$rtexit$$00000000) refers (Special) to rtexit2.o(.ARM.Collect$$rtexit$$00000002) for __rt_exit_prels_1
    rtexit.o(.ARM.exidx) refers (Special) to rtexit2.o(.ARM.Collect$$rtexit$$00000004) for __rt_exit_exit
    rtexit.o(.ARM.exidx) refers (Special) to rtexit2.o(.ARM.Collect$$rtexit$$00000003) for __rt_exit_ls
    rtexit.o(.ARM.exidx) refers (Special) to rtexit2.o(.ARM.Collect$$rtexit$$00000002) for __rt_exit_prels_1
    rtexit.o(.ARM.exidx) refers to rtexit.o(.ARM.Collect$$rtexit$$00000000) for .ARM.Collect$$rtexit$$00000000
    libinit2.o(.ARM.Collect$$libinit$$00000010) refers to libinit2.o(.ARM.Collect$$libinit$$0000000F) for .ARM.Collect$$libinit$$0000000F
    libinit2.o(.ARM.Collect$$libinit$$00000012) refers to libinit2.o(.ARM.Collect$$libinit$$0000000F) for .ARM.Collect$$libinit$$0000000F
    libinit2.o(.ARM.Collect$$libinit$$00000014) refers to libinit2.o(.ARM.Collect$$libinit$$0000000F) for .ARM.Collect$$libinit$$0000000F
    libinit2.o(.ARM.Collect$$libinit$$00000016) refers to libinit2.o(.ARM.Collect$$libinit$$0000000F) for .ARM.Collect$$libinit$$0000000F
    libinit2.o(.ARM.Collect$$libinit$$00000018) refers to libinit2.o(.ARM.Collect$$libinit$$0000000F) for .ARM.Collect$$libinit$$0000000F
    libinit2.o(.ARM.Collect$$libinit$$00000026) refers to argv_veneer.o(.emb_text) for __ARM_argv_veneer
    libinit2.o(.ARM.Collect$$libinit$$00000027) refers to argv_veneer.o(.emb_text) for __ARM_argv_veneer
    rtexit2.o(.ARM.Collect$$rtexit$$00000003) refers to libshutdown.o(.ARM.Collect$$libshutdown$$00000000) for __rt_lib_shutdown
    rtexit2.o(.ARM.Collect$$rtexit$$00000004) refers to usart.o(i._sys_exit) for _sys_exit
    rtexit2.o(.ARM.exidx) refers to rtexit2.o(.ARM.Collect$$rtexit$$00000001) for .ARM.Collect$$rtexit$$00000001
    rtexit2.o(.ARM.exidx) refers to rtexit2.o(.ARM.Collect$$rtexit$$00000003) for .ARM.Collect$$rtexit$$00000003
    rtexit2.o(.ARM.exidx) refers to rtexit2.o(.ARM.Collect$$rtexit$$00000004) for .ARM.Collect$$rtexit$$00000004
    argv_veneer.o(.emb_text) refers to no_argv.o(.text) for __ARM_get_argv
    _get_argv_nomalloc.o(.text) refers (Special) to hrguard.o(.text) for __heap_region$guard
    _get_argv_nomalloc.o(.text) refers to defsig_rtmem_outer.o(.text) for __rt_SIGRTMEM
    _get_argv_nomalloc.o(.text) refers to sys_command.o(.text) for _sys_command_string
    libshutdown.o(.ARM.Collect$$libshutdown$$00000000) refers (Special) to libshutdown2.o(.ARM.Collect$$libshutdown$$00000002) for __rt_lib_shutdown_cpp_1
    libshutdown.o(.ARM.Collect$$libshutdown$$00000000) refers (Special) to libshutdown2.o(.ARM.Collect$$libshutdown$$00000007) for __rt_lib_shutdown_fp_trap_1
    libshutdown.o(.ARM.Collect$$libshutdown$$00000000) refers (Special) to libshutdown2.o(.ARM.Collect$$libshutdown$$0000000F) for __rt_lib_shutdown_heap_1
    libshutdown.o(.ARM.Collect$$libshutdown$$00000000) refers (Special) to libshutdown2.o(.ARM.Collect$$libshutdown$$00000010) for __rt_lib_shutdown_return
    libshutdown.o(.ARM.Collect$$libshutdown$$00000000) refers (Special) to libshutdown2.o(.ARM.Collect$$libshutdown$$0000000A) for __rt_lib_shutdown_signal_1
    libshutdown.o(.ARM.Collect$$libshutdown$$00000000) refers (Special) to libshutdown2.o(.ARM.Collect$$libshutdown$$00000004) for __rt_lib_shutdown_stdio_1
    libshutdown.o(.ARM.Collect$$libshutdown$$00000000) refers (Special) to libshutdown2.o(.ARM.Collect$$libshutdown$$0000000C) for __rt_lib_shutdown_user_alloc_1
    sys_command.o(.text) refers (Special) to use_no_semi.o(.text) for __I$use$semihosting
    sys_command.o(.text) refers (Special) to indicate_semi.o(.text) for __semihosting_library_function
    defsig_rtmem_outer.o(.text) refers to defsig_rtmem_inner.o(.text) for __rt_SIGRTMEM_inner
    defsig_rtmem_outer.o(.text) refers to defsig_exit.o(.text) for __sig_exit
    defsig_rtmem_formal.o(.text) refers to rt_raise.o(.text) for __rt_raise
    rt_raise.o(.text) refers to __raise.o(.text) for __raise
    rt_raise.o(.text) refers to usart.o(i._sys_exit) for _sys_exit
    defsig_exit.o(.text) refers to usart.o(i._sys_exit) for _sys_exit
    defsig_rtmem_inner.o(.text) refers to defsig_general.o(.text) for __default_signal_display
    __raise.o(.text) refers to defsig.o(CL$$defsig) for __default_signal_handler
    defsig_general.o(.text) refers to sys_wrch.o(.text) for _ttywrch
    sys_wrch.o(.text) refers (Special) to use_no_semi.o(.text) for __I$use$semihosting
    sys_wrch.o(.text) refers (Special) to indicate_semi.o(.text) for __semihosting_library_function
    defsig.o(CL$$defsig) refers to defsig_rtmem_inner.o(.text) for __rt_SIGRTMEM_inner
    defsig_abrt_inner.o(.text) refers to defsig_general.o(.text) for __default_signal_display
    defsig_fpe_inner.o(.text) refers to defsig_general.o(.text) for __default_signal_display
    defsig_rtred_inner.o(.text) refers to defsig_general.o(.text) for __default_signal_display
    defsig_stak_inner.o(.text) refers to defsig_general.o(.text) for __default_signal_display
    defsig_pvfn_inner.o(.text) refers to defsig_general.o(.text) for __default_signal_display
    defsig_cppl_inner.o(.text) refers to defsig_general.o(.text) for __default_signal_display
    defsig_segv_inner.o(.text) refers to defsig_general.o(.text) for __default_signal_display
    defsig_other.o(.text) refers to defsig_general.o(.text) for __default_signal_display


==============================================================================

Removing Unused input sections from the image.

    Removing system_stm32f10x.o(i.SystemCoreClockUpdate), (164 bytes).
    Removing delay.o(i.delay_us), (76 bytes).
    Removing sys.o(i.NVIC_Configuration), (12 bytes).
    Removing usart.o(i.fputc), (28 bytes).
    Removing usart.o(i.uart_init), (160 bytes).
    Removing core_cm3.o(.emb_text), (32 bytes).
    Removing stm32f10x_gpio.o(i.GPIO_AFIODeInit), (20 bytes).
    Removing stm32f10x_gpio.o(i.GPIO_DeInit), (200 bytes).
    Removing stm32f10x_gpio.o(i.GPIO_ETH_MediaInterfaceConfig), (12 bytes).
    Removing stm32f10x_gpio.o(i.GPIO_EXTILineConfig), (64 bytes).
    Removing stm32f10x_gpio.o(i.GPIO_EventOutputCmd), (12 bytes).
    Removing stm32f10x_gpio.o(i.GPIO_EventOutputConfig), (32 bytes).
    Removing stm32f10x_gpio.o(i.GPIO_PinLockConfig), (18 bytes).
    Removing stm32f10x_gpio.o(i.GPIO_PinRemapConfig), (144 bytes).
    Removing stm32f10x_gpio.o(i.GPIO_ReadInputData), (8 bytes).
    Removing stm32f10x_gpio.o(i.GPIO_ReadInputDataBit), (18 bytes).
    Removing stm32f10x_gpio.o(i.GPIO_ReadOutputData), (8 bytes).
    Removing stm32f10x_gpio.o(i.GPIO_ReadOutputDataBit), (18 bytes).
    Removing stm32f10x_gpio.o(i.GPIO_StructInit), (16 bytes).
    Removing stm32f10x_gpio.o(i.GPIO_Write), (4 bytes).
    Removing stm32f10x_gpio.o(i.GPIO_WriteBit), (10 bytes).
    Removing stm32f10x_rcc.o(i.RCC_ADCCLKConfig), (24 bytes).
    Removing stm32f10x_rcc.o(i.RCC_AHBPeriphClockCmd), (32 bytes).
    Removing stm32f10x_rcc.o(i.RCC_APB1PeriphClockCmd), (32 bytes).
    Removing stm32f10x_rcc.o(i.RCC_APB1PeriphResetCmd), (32 bytes).
    Removing stm32f10x_rcc.o(i.RCC_APB2PeriphResetCmd), (32 bytes).
    Removing stm32f10x_rcc.o(i.RCC_AdjustHSICalibrationValue), (24 bytes).
    Removing stm32f10x_rcc.o(i.RCC_BackupResetCmd), (12 bytes).
    Removing stm32f10x_rcc.o(i.RCC_ClearFlag), (20 bytes).
    Removing stm32f10x_rcc.o(i.RCC_ClearITPendingBit), (12 bytes).
    Removing stm32f10x_rcc.o(i.RCC_ClockSecuritySystemCmd), (12 bytes).
    Removing stm32f10x_rcc.o(i.RCC_DeInit), (76 bytes).
    Removing stm32f10x_rcc.o(i.RCC_GetClocksFreq), (212 bytes).
    Removing stm32f10x_rcc.o(i.RCC_GetFlagStatus), (60 bytes).
    Removing stm32f10x_rcc.o(i.RCC_GetITStatus), (24 bytes).
    Removing stm32f10x_rcc.o(i.RCC_GetSYSCLKSource), (16 bytes).
    Removing stm32f10x_rcc.o(i.RCC_HCLKConfig), (24 bytes).
    Removing stm32f10x_rcc.o(i.RCC_HSEConfig), (76 bytes).
    Removing stm32f10x_rcc.o(i.RCC_HSICmd), (12 bytes).
    Removing stm32f10x_rcc.o(i.RCC_ITConfig), (32 bytes).
    Removing stm32f10x_rcc.o(i.RCC_LSEConfig), (52 bytes).
    Removing stm32f10x_rcc.o(i.RCC_LSICmd), (12 bytes).
    Removing stm32f10x_rcc.o(i.RCC_MCOConfig), (12 bytes).
    Removing stm32f10x_rcc.o(i.RCC_PCLK1Config), (24 bytes).
    Removing stm32f10x_rcc.o(i.RCC_PCLK2Config), (24 bytes).
    Removing stm32f10x_rcc.o(i.RCC_PLLCmd), (12 bytes).
    Removing stm32f10x_rcc.o(i.RCC_PLLConfig), (28 bytes).
    Removing stm32f10x_rcc.o(i.RCC_RTCCLKCmd), (12 bytes).
    Removing stm32f10x_rcc.o(i.RCC_RTCCLKConfig), (16 bytes).
    Removing stm32f10x_rcc.o(i.RCC_SYSCLKConfig), (24 bytes).
    Removing stm32f10x_rcc.o(i.RCC_USBCLKConfig), (12 bytes).
    Removing stm32f10x_rcc.o(i.RCC_WaitForHSEStartUp), (56 bytes).
    Removing stm32f10x_rcc.o(.data), (20 bytes).
    Removing stm32f10x_usart.o(i.USART_ClearFlag), (18 bytes).
    Removing stm32f10x_usart.o(i.USART_ClearITPendingBit), (30 bytes).
    Removing stm32f10x_usart.o(i.USART_ClockInit), (34 bytes).
    Removing stm32f10x_usart.o(i.USART_ClockStructInit), (12 bytes).
    Removing stm32f10x_usart.o(i.USART_Cmd), (24 bytes).
    Removing stm32f10x_usart.o(i.USART_DMACmd), (18 bytes).
    Removing stm32f10x_usart.o(i.USART_DeInit), (156 bytes).
    Removing stm32f10x_usart.o(i.USART_GetFlagStatus), (26 bytes).
    Removing stm32f10x_usart.o(i.USART_HalfDuplexCmd), (24 bytes).
    Removing stm32f10x_usart.o(i.USART_ITConfig), (74 bytes).
    Removing stm32f10x_usart.o(i.USART_Init), (216 bytes).
    Removing stm32f10x_usart.o(i.USART_IrDACmd), (24 bytes).
    Removing stm32f10x_usart.o(i.USART_IrDAConfig), (18 bytes).
    Removing stm32f10x_usart.o(i.USART_LINBreakDetectLengthConfig), (18 bytes).
    Removing stm32f10x_usart.o(i.USART_LINCmd), (24 bytes).
    Removing stm32f10x_usart.o(i.USART_OneBitMethodCmd), (24 bytes).
    Removing stm32f10x_usart.o(i.USART_OverSampling8Cmd), (22 bytes).
    Removing stm32f10x_usart.o(i.USART_ReceiverWakeUpCmd), (24 bytes).
    Removing stm32f10x_usart.o(i.USART_SendBreak), (10 bytes).
    Removing stm32f10x_usart.o(i.USART_SendData), (8 bytes).
    Removing stm32f10x_usart.o(i.USART_SetAddress), (18 bytes).
    Removing stm32f10x_usart.o(i.USART_SetGuardTime), (16 bytes).
    Removing stm32f10x_usart.o(i.USART_SetPrescaler), (16 bytes).
    Removing stm32f10x_usart.o(i.USART_SmartCardCmd), (24 bytes).
    Removing stm32f10x_usart.o(i.USART_SmartCardNACKCmd), (24 bytes).
    Removing stm32f10x_usart.o(i.USART_StructInit), (24 bytes).
    Removing stm32f10x_usart.o(i.USART_WakeUpConfig), (18 bytes).
    Removing misc_1.o(i.NVIC_Init), (112 bytes).
    Removing misc_1.o(i.NVIC_PriorityGroupConfig), (20 bytes).
    Removing misc_1.o(i.NVIC_SetVectorTable), (20 bytes).
    Removing misc_1.o(i.NVIC_SystemLPConfig), (32 bytes).
    Removing oled.o(i.ssd1331_DrawCircle), (174 bytes).
    Removing oled.o(i.ssd1331_DrawLine), (224 bytes).
    Removing oled.o(i.ssd1331_DrawRectangle), (72 bytes).
    Removing oled.o(i.ssd1331_clear_screen), (14 bytes).
    Removing oled.o(i.ssd1331_copy), (44 bytes).
    Removing oled.o(i.ssd1331_display_number), (150 bytes).
    Removing oled.o(i.ssd1331_display_string_screen_center), (154 bytes).
    Removing oled.o(i.ssd1331_draw_h_line), (64 bytes).
    Removing oled.o(i.ssd1331_draw_v_line), (64 bytes).
    Removing oled.o(i.ssd1331_fill_black), (44 bytes).
    Removing oled.o(i.ssd1331_pow), (22 bytes).
    Removing oled.o(i.ssd1331_vertical_scroll), (20 bytes).
    Removing ssd1331.o(i.Checkerboard), (104 bytes).
    Removing ssd1331.o(i.Clear_Windows), (46 bytes).
    Removing ssd1331.o(i.Deactivate_Scroll), (10 bytes).
    Removing ssd1331.o(i.Draw_Line), (72 bytes).
    Removing ssd1331.o(i.Draw_Rectangle), (90 bytes).
    Removing ssd1331.o(i.Fade_In), (38 bytes).
    Removing ssd1331.o(i.Fade_Out), (38 bytes).
    Removing ssd1331.o(i.Fill_Block), (92 bytes).
    Removing ssd1331.o(i.OLED_Delay), (48 bytes).
    Removing ssd1331.o(i.Rainbow), (160 bytes).
    Removing ssd1331.o(i.Set_Brightness), (12 bytes).
    Removing ssd1331.o(i.Set_Command_Lock), (18 bytes).
    Removing ssd1331.o(i.Set_Gray_Scale_Table), (388 bytes).
    Removing ssd1331.o(i.Set_Linear_Gray_Scale_Table), (10 bytes).
    Removing ssd1331.o(i.Show_256k_Pattern), (108 bytes).
    Removing ssd1331.o(i.Sleep_Wake), (34 bytes).
    Removing ssd1331.o(i.Vertical_Scroll), (72 bytes).
    Removing ssd1331.o(i.copy), (62 bytes).

114 unused section(s) (total 5700 bytes) removed from the image.

==============================================================================

Image Symbol Table

    Local Symbols

    Symbol Name                              Value     Ov Type        Size  Object(Section)

    ../clib/angel/boardlib.s                 0x00000000   Number         0  boardshut.o ABSOLUTE
    ../clib/angel/boardlib.s                 0x00000000   Number         0  boardinit1.o ABSOLUTE
    ../clib/angel/boardlib.s                 0x00000000   Number         0  boardinit3.o ABSOLUTE
    ../clib/angel/boardlib.s                 0x00000000   Number         0  boardinit2.o ABSOLUTE
    ../clib/angel/dczerorl2.s                0x00000000   Number         0  __dczerorl2.o ABSOLUTE
    ../clib/angel/handlers.s                 0x00000000   Number         0  __scatter_zi.o ABSOLUTE
    ../clib/angel/kernel.s                   0x00000000   Number         0  __rtentry.o ABSOLUTE
    ../clib/angel/kernel.s                   0x00000000   Number         0  __rtentry2.o ABSOLUTE
    ../clib/angel/kernel.s                   0x00000000   Number         0  __rtentry4.o ABSOLUTE
    ../clib/angel/kernel.s                   0x00000000   Number         0  rtexit2.o ABSOLUTE
    ../clib/angel/kernel.s                   0x00000000   Number         0  rtexit.o ABSOLUTE
    ../clib/angel/rt.s                       0x00000000   Number         0  rt_raise.o ABSOLUTE
    ../clib/angel/scatter.s                  0x00000000   Number         0  __scatter.o ABSOLUTE
    ../clib/angel/startup.s                  0x00000000   Number         0  __main.o ABSOLUTE
    ../clib/angel/sys.s                      0x00000000   Number         0  use_no_semi.o ABSOLUTE
    ../clib/angel/sys.s                      0x00000000   Number         0  use_no_semi_2.o ABSOLUTE
    ../clib/angel/sys.s                      0x00000000   Number         0  sys_stackheap_outer.o ABSOLUTE
    ../clib/angel/sys.s                      0x00000000   Number         0  indicate_semi.o ABSOLUTE
    ../clib/angel/sys.s                      0x00000000   Number         0  libspace.o ABSOLUTE
    ../clib/angel/sysapp.c                   0x00000000   Number         0  sys_wrch.o ABSOLUTE
    ../clib/angel/sysapp.c                   0x00000000   Number         0  sys_command.o ABSOLUTE
    ../clib/armsys.c                         0x00000000   Number         0  _get_argv_nomalloc.o ABSOLUTE
    ../clib/armsys.c                         0x00000000   Number         0  argv_veneer.o ABSOLUTE
    ../clib/armsys.c                         0x00000000   Number         0  argv_veneer.o ABSOLUTE
    ../clib/armsys.c                         0x00000000   Number         0  no_argv.o ABSOLUTE
    ../clib/heapalloc.c                      0x00000000   Number         0  hrguard.o ABSOLUTE
    ../clib/heapaux.c                        0x00000000   Number         0  heapauxi.o ABSOLUTE
    ../clib/libinit.s                        0x00000000   Number         0  libinit2.o ABSOLUTE
    ../clib/libinit.s                        0x00000000   Number         0  libinit.o ABSOLUTE
    ../clib/libinit.s                        0x00000000   Number         0  libshutdown2.o ABSOLUTE
    ../clib/libinit.s                        0x00000000   Number         0  libshutdown.o ABSOLUTE
    ../clib/signal.c                         0x00000000   Number         0  defsig_rtred_inner.o ABSOLUTE
    ../clib/signal.c                         0x00000000   Number         0  defsig_general.o ABSOLUTE
    ../clib/signal.c                         0x00000000   Number         0  __raise.o ABSOLUTE
    ../clib/signal.c                         0x00000000   Number         0  defsig_rtmem_inner.o ABSOLUTE
    ../clib/signal.c                         0x00000000   Number         0  defsig_exit.o ABSOLUTE
    ../clib/signal.c                         0x00000000   Number         0  defsig_pvfn_inner.o ABSOLUTE
    ../clib/signal.c                         0x00000000   Number         0  defsig_cppl_inner.o ABSOLUTE
    ../clib/signal.c                         0x00000000   Number         0  defsig_segv_inner.o ABSOLUTE
    ../clib/signal.c                         0x00000000   Number         0  defsig_rtmem_formal.o ABSOLUTE
    ../clib/signal.c                         0x00000000   Number         0  defsig_rtmem_outer.o ABSOLUTE
    ../clib/signal.c                         0x00000000   Number         0  defsig_stak_inner.o ABSOLUTE
    ../clib/signal.c                         0x00000000   Number         0  defsig_abrt_inner.o ABSOLUTE
    ../clib/signal.c                         0x00000000   Number         0  defsig_other.o ABSOLUTE
    ../clib/signal.c                         0x00000000   Number         0  defsig_fpe_inner.o ABSOLUTE
    ../clib/signal.s                         0x00000000   Number         0  defsig.o ABSOLUTE
    ../clib/stdlib.c                         0x00000000   Number         0  exit.o ABSOLUTE
    ../clib/string.c                         0x00000000   Number         0  strlen.o ABSOLUTE
    ../fplib/fpinit.s                        0x00000000   Number         0  fpinit.o ABSOLUTE
    ..\CORE\core_cm3.c                       0x00000000   Number         0  core_cm3.o ABSOLUTE
    ..\CORE\startup_stm32f10x_md.s           0x00000000   Number         0  startup_stm32f10x_md.o ABSOLUTE
    ..\HARDWARE\LED\led.c                    0x00000000   Number         0  led.o ABSOLUTE
    ..\HARDWARE\OLED\font.c                  0x00000000   Number         0  font.o ABSOLUTE
    ..\HARDWARE\OLED\gimage.c                0x00000000   Number         0  gimage.o ABSOLUTE
    ..\HARDWARE\OLED\oled.c                  0x00000000   Number         0  oled.o ABSOLUTE
    ..\HARDWARE\OLED\ssd1331.c               0x00000000   Number         0  ssd1331.o ABSOLUTE
    ..\STM3210X\src\misc.c                   0x00000000   Number         0  misc_1.o ABSOLUTE
    ..\STM3210X\src\stm32f10x_gpio.c         0x00000000   Number         0  stm32f10x_gpio.o ABSOLUTE
    ..\STM3210X\src\stm32f10x_rcc.c          0x00000000   Number         0  stm32f10x_rcc.o ABSOLUTE
    ..\STM3210X\src\stm32f10x_usart.c        0x00000000   Number         0  stm32f10x_usart.o ABSOLUTE
    ..\SYSTEM\delay\delay.c                  0x00000000   Number         0  delay.o ABSOLUTE
    ..\SYSTEM\sys\sys.c                      0x00000000   Number         0  sys.o ABSOLUTE
    ..\SYSTEM\usart\usart.c                  0x00000000   Number         0  usart.o ABSOLUTE
    ..\\CORE\\core_cm3.c                     0x00000000   Number         0  core_cm3.o ABSOLUTE
    dc.s                                     0x00000000   Number         0  dc.o ABSOLUTE
    main.c                                   0x00000000   Number         0  main.o ABSOLUTE
    stm32f10x_it.c                           0x00000000   Number         0  stm32f10x_it.o ABSOLUTE
    system_stm32f10x.c                       0x00000000   Number         0  system_stm32f10x.o ABSOLUTE
    RESET                                    0x08000000   Section      236  startup_stm32f10x_md.o(RESET)
    !!!main                                  0x080000ec   Section        8  __main.o(!!!main)
    !!!scatter                               0x080000f4   Section       52  __scatter.o(!!!scatter)
    !!dczerorl2                              0x08000128   Section       90  __dczerorl2.o(!!dczerorl2)
    !!handler_zi                             0x08000184   Section       28  __scatter_zi.o(!!handler_zi)
    .ARM.Collect$$libinit$$00000000          0x080001a0   Section        2  libinit.o(.ARM.Collect$$libinit$$00000000)
    .ARM.Collect$$libinit$$00000002          0x080001a2   Section        0  libinit2.o(.ARM.Collect$$libinit$$00000002)
    .ARM.Collect$$libinit$$00000004          0x080001a2   Section        0  libinit2.o(.ARM.Collect$$libinit$$00000004)
    .ARM.Collect$$libinit$$0000000A          0x080001a2   Section        0  libinit2.o(.ARM.Collect$$libinit$$0000000A)
    .ARM.Collect$$libinit$$0000000C          0x080001a2   Section        0  libinit2.o(.ARM.Collect$$libinit$$0000000C)
    .ARM.Collect$$libinit$$0000000E          0x080001a2   Section        0  libinit2.o(.ARM.Collect$$libinit$$0000000E)
    .ARM.Collect$$libinit$$00000011          0x080001a2   Section        0  libinit2.o(.ARM.Collect$$libinit$$00000011)
    .ARM.Collect$$libinit$$00000013          0x080001a2   Section        0  libinit2.o(.ARM.Collect$$libinit$$00000013)
    .ARM.Collect$$libinit$$00000015          0x080001a2   Section        0  libinit2.o(.ARM.Collect$$libinit$$00000015)
    .ARM.Collect$$libinit$$00000017          0x080001a2   Section        0  libinit2.o(.ARM.Collect$$libinit$$00000017)
    .ARM.Collect$$libinit$$00000019          0x080001a2   Section        0  libinit2.o(.ARM.Collect$$libinit$$00000019)
    .ARM.Collect$$libinit$$0000001B          0x080001a2   Section        0  libinit2.o(.ARM.Collect$$libinit$$0000001B)
    .ARM.Collect$$libinit$$0000001D          0x080001a2   Section        0  libinit2.o(.ARM.Collect$$libinit$$0000001D)
    .ARM.Collect$$libinit$$0000001F          0x080001a2   Section        0  libinit2.o(.ARM.Collect$$libinit$$0000001F)
    .ARM.Collect$$libinit$$00000021          0x080001a2   Section        0  libinit2.o(.ARM.Collect$$libinit$$00000021)
    .ARM.Collect$$libinit$$00000023          0x080001a2   Section        0  libinit2.o(.ARM.Collect$$libinit$$00000023)
    .ARM.Collect$$libinit$$00000025          0x080001a2   Section        0  libinit2.o(.ARM.Collect$$libinit$$00000025)
    .ARM.Collect$$libinit$$0000002C          0x080001a2   Section        0  libinit2.o(.ARM.Collect$$libinit$$0000002C)
    .ARM.Collect$$libinit$$0000002E          0x080001a2   Section        0  libinit2.o(.ARM.Collect$$libinit$$0000002E)
    .ARM.Collect$$libinit$$00000030          0x080001a2   Section        0  libinit2.o(.ARM.Collect$$libinit$$00000030)
    .ARM.Collect$$libinit$$00000032          0x080001a2   Section        0  libinit2.o(.ARM.Collect$$libinit$$00000032)
    .ARM.Collect$$libinit$$00000033          0x080001a2   Section        2  libinit2.o(.ARM.Collect$$libinit$$00000033)
    .ARM.Collect$$libshutdown$$00000000      0x080001a4   Section        2  libshutdown.o(.ARM.Collect$$libshutdown$$00000000)
    .ARM.Collect$$libshutdown$$00000002      0x080001a6   Section        0  libshutdown2.o(.ARM.Collect$$libshutdown$$00000002)
    .ARM.Collect$$libshutdown$$00000004      0x080001a6   Section        0  libshutdown2.o(.ARM.Collect$$libshutdown$$00000004)
    .ARM.Collect$$libshutdown$$00000007      0x080001a6   Section        0  libshutdown2.o(.ARM.Collect$$libshutdown$$00000007)
    .ARM.Collect$$libshutdown$$0000000A      0x080001a6   Section        0  libshutdown2.o(.ARM.Collect$$libshutdown$$0000000A)
    .ARM.Collect$$libshutdown$$0000000C      0x080001a6   Section        0  libshutdown2.o(.ARM.Collect$$libshutdown$$0000000C)
    .ARM.Collect$$libshutdown$$0000000F      0x080001a6   Section        0  libshutdown2.o(.ARM.Collect$$libshutdown$$0000000F)
    .ARM.Collect$$libshutdown$$00000010      0x080001a6   Section        2  libshutdown2.o(.ARM.Collect$$libshutdown$$00000010)
    .ARM.Collect$$rtentry$$00000000          0x080001a8   Section        0  __rtentry.o(.ARM.Collect$$rtentry$$00000000)
    .ARM.Collect$$rtentry$$00000002          0x080001a8   Section        0  __rtentry2.o(.ARM.Collect$$rtentry$$00000002)
    .ARM.Collect$$rtentry$$00000004          0x080001a8   Section        6  __rtentry4.o(.ARM.Collect$$rtentry$$00000004)
    .ARM.Collect$$rtentry$$00000009          0x080001ae   Section        0  __rtentry2.o(.ARM.Collect$$rtentry$$00000009)
    .ARM.Collect$$rtentry$$0000000A          0x080001ae   Section        4  __rtentry2.o(.ARM.Collect$$rtentry$$0000000A)
    .ARM.Collect$$rtentry$$0000000C          0x080001b2   Section        0  __rtentry2.o(.ARM.Collect$$rtentry$$0000000C)
    .ARM.Collect$$rtentry$$0000000D          0x080001b2   Section        8  __rtentry2.o(.ARM.Collect$$rtentry$$0000000D)
    .ARM.Collect$$rtexit$$00000000           0x080001ba   Section        2  rtexit.o(.ARM.Collect$$rtexit$$00000000)
    .ARM.Collect$$rtexit$$00000002           0x080001bc   Section        0  rtexit2.o(.ARM.Collect$$rtexit$$00000002)
    .ARM.Collect$$rtexit$$00000003           0x080001bc   Section        4  rtexit2.o(.ARM.Collect$$rtexit$$00000003)
    .ARM.Collect$$rtexit$$00000004           0x080001c0   Section        6  rtexit2.o(.ARM.Collect$$rtexit$$00000004)
    .text                                    0x080001c8   Section       64  startup_stm32f10x_md.o(.text)
    .text                                    0x08000208   Section        2  use_no_semi_2.o(.text)
    .text                                    0x0800020a   Section        0  heapauxi.o(.text)
    .text                                    0x08000210   Section        2  use_no_semi.o(.text)
    .text                                    0x08000212   Section       74  sys_stackheap_outer.o(.text)
    .text                                    0x0800025c   Section        0  exit.o(.text)
    .text                                    0x08000270   Section        8  libspace.o(.text)
    i.BusFault_Handler                       0x08000278   Section        0  stm32f10x_it.o(i.BusFault_Handler)
    i.Clock_Test                             0x0800027c   Section        0  oled.o(i.Clock_Test)
    i.DebugMon_Handler                       0x080003e8   Section        0  stm32f10x_it.o(i.DebugMon_Handler)
    i.Fill_Enable_Disable                    0x080003ea   Section        0  ssd1331.o(i.Fill_Enable_Disable)
    i.Fill_RAM                               0x080003fc   Section        0  ssd1331.o(i.Fill_RAM)
    i.GPIO_Init                              0x0800043c   Section        0  stm32f10x_gpio.o(i.GPIO_Init)
    i.GPIO_ResetBits                         0x08000552   Section        0  stm32f10x_gpio.o(i.GPIO_ResetBits)
    i.GPIO_SetBits                           0x08000556   Section        0  stm32f10x_gpio.o(i.GPIO_SetBits)
    i.HardFault_Handler                      0x0800055a   Section        0  stm32f10x_it.o(i.HardFault_Handler)
    i.LED_Check                              0x08000560   Section        0  led.o(i.LED_Check)
    i.LED_Init                               0x08000580   Section        0  led.o(i.LED_Init)
    i.MemManage_Handler                      0x080005b4   Section        0  stm32f10x_it.o(i.MemManage_Handler)
    i.NMI_Handler                            0x080005b8   Section        0  stm32f10x_it.o(i.NMI_Handler)
    i.OLED_Init                              0x080005bc   Section        0  oled.o(i.OLED_Init)
    i.PendSV_Handler                         0x080006a4   Section        0  stm32f10x_it.o(i.PendSV_Handler)
    i.RCC_APB2PeriphClockCmd                 0x080006a8   Section        0  stm32f10x_rcc.o(i.RCC_APB2PeriphClockCmd)
    i.SVC_Handler                            0x080006c8   Section        0  stm32f10x_it.o(i.SVC_Handler)
    i.SetSysClock                            0x080006ca   Section        0  system_stm32f10x.o(i.SetSysClock)
    SetSysClock                              0x080006cb   Thumb Code     8  system_stm32f10x.o(i.SetSysClock)
    i.SetSysClockTo72                        0x080006d4   Section        0  system_stm32f10x.o(i.SetSysClockTo72)
    SetSysClockTo72                          0x080006d5   Thumb Code   214  system_stm32f10x.o(i.SetSysClockTo72)
    i.Set_Column_Address                     0x080007b4   Section        0  ssd1331.o(i.Set_Column_Address)
    i.Set_Contrast_Color                     0x080007ce   Section        0  ssd1331.o(i.Set_Contrast_Color)
    i.Set_Display_Mode                       0x080007fc   Section        0  ssd1331.o(i.Set_Display_Mode)
    i.Set_Display_Offset                     0x0800080a   Section        0  ssd1331.o(i.Set_Display_Offset)
    i.Set_Display_On_Off                     0x0800081c   Section        0  ssd1331.o(i.Set_Display_On_Off)
    i.Set_Master_Configuration               0x0800082a   Section        0  ssd1331.o(i.Set_Master_Configuration)
    i.Set_Master_Current                     0x0800083c   Section        0  ssd1331.o(i.Set_Master_Current)
    i.Set_Multiplex_Ratio                    0x0800084e   Section        0  ssd1331.o(i.Set_Multiplex_Ratio)
    i.Set_Oscillator_Frequency_Clock_Divider 0x08000860   Section        0  ssd1331.o(i.Set_Oscillator_Frequency_Clock_Divider)
    i.Set_Power_Saving_Mode                  0x08000872   Section        0  ssd1331.o(i.Set_Power_Saving_Mode)
    i.Set_Pre_charge_Level                   0x08000884   Section        0  ssd1331.o(i.Set_Pre_charge_Level)
    i.Set_Remap_Format                       0x08000896   Section        0  ssd1331.o(i.Set_Remap_Format)
    i.Set_Reset_Pre_charge_period            0x080008a8   Section        0  ssd1331.o(i.Set_Reset_Pre_charge_period)
    i.Set_Row_Address                        0x080008ba   Section        0  ssd1331.o(i.Set_Row_Address)
    i.Set_Second_Pre_charge_Speed_of_Color   0x080008d4   Section        0  ssd1331.o(i.Set_Second_Pre_charge_Speed_of_Color)
    i.Set_Start_Line                         0x08000902   Section        0  ssd1331.o(i.Set_Start_Line)
    i.Set_VCOMH                              0x08000914   Section        0  ssd1331.o(i.Set_VCOMH)
    i.Show_64k_Pattern                       0x08000926   Section        0  ssd1331.o(i.Show_64k_Pattern)
    i.SysTick_CLKSourceConfig                0x08000978   Section        0  misc_1.o(i.SysTick_CLKSourceConfig)
    i.SysTick_Handler                        0x080009a0   Section        0  stm32f10x_it.o(i.SysTick_Handler)
    i.SystemInit                             0x080009a4   Section        0  system_stm32f10x.o(i.SystemInit)
    i.USART1_IRQHandler                      0x08000a04   Section        0  usart.o(i.USART1_IRQHandler)
    i.USART_GetITStatus                      0x08000a8c   Section        0  stm32f10x_usart.o(i.USART_GetITStatus)
    i.USART_ReceiveData                      0x08000ae0   Section        0  stm32f10x_usart.o(i.USART_ReceiveData)
    i.UsageFault_Handler                     0x08000aea   Section        0  stm32f10x_it.o(i.UsageFault_Handler)
    i.Write_Command                          0x08000af0   Section        0  ssd1331.o(i.Write_Command)
    i.Write_Data                             0x08000b54   Section        0  ssd1331.o(i.Write_Data)
    i._sys_exit                              0x08000bb8   Section        0  usart.o(i._sys_exit)
    i.delay_init                             0x08000bc0   Section        0  delay.o(i.delay_init)
    i.delay_ms                               0x08000c04   Section        0  delay.o(i.delay_ms)
    i.main                                   0x08000c50   Section        0  main.o(i.main)
    i.ssd1331_display_Chinese                0x08000c68   Section        0  oled.o(i.ssd1331_display_Chinese)
    i.ssd1331_display_char                   0x08000cdc   Section        0  oled.o(i.ssd1331_display_char)
    i.ssd1331_display_string                 0x08000dd8   Section        0  oled.o(i.ssd1331_display_string)
    i.ssd1331_draw_64Kpattern                0x08000e5a   Section        0  oled.o(i.ssd1331_draw_64Kpattern)
    i.ssd1331_draw_bitmap                    0x08000e80   Section        0  oled.o(i.ssd1331_draw_bitmap)
    i.ssd1331_draw_point                     0x08000ef0   Section        0  oled.o(i.ssd1331_draw_point)
    i.ssd1331_set_color                      0x08000f1c   Section        0  oled.o(i.ssd1331_set_color)
    i.uOLED_Delay                            0x08000f2e   Section        0  ssd1331.o(i.uOLED_Delay)
    .data                                    0x20000000   Section       20  system_stm32f10x.o(.data)
    .data                                    0x20000014   Section        4  delay.o(.data)
    fac_us                                   0x20000014   Data           1  delay.o(.data)
    fac_ms                                   0x20000016   Data           2  delay.o(.data)
    .data                                    0x20000018   Section        6  usart.o(.data)
    .data                                    0x2000001e   Section     3908  font.o(.data)
    .data                                    0x20000f62   Section     3304  gimage.o(.data)
    .bss                                     0x20001c4c   Section      200  usart.o(.bss)
    .bss                                     0x20001d14   Section       96  libspace.o(.bss)
    HEAP                                     0x20001d78   Section      512  startup_stm32f10x_md.o(HEAP)
    Heap_Mem                                 0x20001d78   Data         512  startup_stm32f10x_md.o(HEAP)
    STACK                                    0x20001f78   Section     1024  startup_stm32f10x_md.o(STACK)
    Stack_Mem                                0x20001f78   Data        1024  startup_stm32f10x_md.o(STACK)
    __initial_sp                             0x20002378   Data           0  startup_stm32f10x_md.o(STACK)

    Global Symbols

    Symbol Name                              Value     Ov Type        Size  Object(Section)

    BuildAttributes$$THM_ISAv4$P$D$K$B$S$PE$A:L22UL41UL21$X:L11$S22US41US21$IEEE1$IW$USESV6$~STKCKD$USESV7$~SHL$OSPACE$ROPI$EBA8$UX$STANDARDLIB$REQ8$PRES8$EABIv2 0x00000000   Number         0  anon$$obj.o ABSOLUTE
    __ARM_use_no_argv                        0x00000000   Number         0  main.o ABSOLUTE
    __ARM_exceptions_init                     - Undefined Weak Reference
    __alloca_initialize                       - Undefined Weak Reference
    __arm_preinit_                            - Undefined Weak Reference
    __cpp_initialize__aeabi_                  - Undefined Weak Reference
    __cxa_finalize                            - Undefined Weak Reference
    __rt_locale                               - Undefined Weak Reference
    __sigvec_lookup                           - Undefined Weak Reference
    _atexit_init                              - Undefined Weak Reference
    _call_atexit_fns                          - Undefined Weak Reference
    _clock_init                               - Undefined Weak Reference
    _fp_trap_init                             - Undefined Weak Reference
    _fp_trap_shutdown                         - Undefined Weak Reference
    _get_lc_collate                           - Undefined Weak Reference
    _get_lc_ctype                             - Undefined Weak Reference
    _get_lc_monetary                          - Undefined Weak Reference
    _get_lc_numeric                           - Undefined Weak Reference
    _get_lc_time                              - Undefined Weak Reference
    _getenv_init                              - Undefined Weak Reference
    _handle_redirection                       - Undefined Weak Reference
    _init_alloc                               - Undefined Weak Reference
    _init_user_alloc                          - Undefined Weak Reference
    _initio                                   - Undefined Weak Reference
    _rand_init                                - Undefined Weak Reference
    _signal_finish                            - Undefined Weak Reference
    _signal_init                              - Undefined Weak Reference
    _terminate_alloc                          - Undefined Weak Reference
    _terminate_user_alloc                     - Undefined Weak Reference
    _terminateio                              - Undefined Weak Reference
    __Vectors_Size                           0x000000ec   Number         0  startup_stm32f10x_md.o ABSOLUTE
    __Vectors                                0x08000000   Data           4  startup_stm32f10x_md.o(RESET)
    __Vectors_End                            0x080000ec   Data           0  startup_stm32f10x_md.o(RESET)
    __main                                   0x080000ed   Thumb Code     8  __main.o(!!!main)
    __scatterload                            0x080000f5   Thumb Code     0  __scatter.o(!!!scatter)
    __scatterload_rt2                        0x080000f5   Thumb Code    44  __scatter.o(!!!scatter)
    __scatterload_rt2_thumb_only             0x080000f5   Thumb Code     0  __scatter.o(!!!scatter)
    __scatterload_null                       0x08000103   Thumb Code     0  __scatter.o(!!!scatter)
    __decompress                             0x08000129   Thumb Code    90  __dczerorl2.o(!!dczerorl2)
    __decompress1                            0x08000129   Thumb Code     0  __dczerorl2.o(!!dczerorl2)
    __scatterload_zeroinit                   0x08000185   Thumb Code    28  __scatter_zi.o(!!handler_zi)
    __rt_lib_init                            0x080001a1   Thumb Code     0  libinit.o(.ARM.Collect$$libinit$$00000000)
    __rt_lib_init_alloca_1                   0x080001a3   Thumb Code     0  libinit2.o(.ARM.Collect$$libinit$$0000002E)
    __rt_lib_init_argv_1                     0x080001a3   Thumb Code     0  libinit2.o(.ARM.Collect$$libinit$$0000002C)
    __rt_lib_init_atexit_1                   0x080001a3   Thumb Code     0  libinit2.o(.ARM.Collect$$libinit$$0000001B)
    __rt_lib_init_clock_1                    0x080001a3   Thumb Code     0  libinit2.o(.ARM.Collect$$libinit$$00000021)
    __rt_lib_init_cpp_1                      0x080001a3   Thumb Code     0  libinit2.o(.ARM.Collect$$libinit$$00000032)
    __rt_lib_init_exceptions_1               0x080001a3   Thumb Code     0  libinit2.o(.ARM.Collect$$libinit$$00000030)
    __rt_lib_init_fp_1                       0x080001a3   Thumb Code     0  libinit2.o(.ARM.Collect$$libinit$$00000002)
    __rt_lib_init_fp_trap_1                  0x080001a3   Thumb Code     0  libinit2.o(.ARM.Collect$$libinit$$0000001F)
    __rt_lib_init_getenv_1                   0x080001a3   Thumb Code     0  libinit2.o(.ARM.Collect$$libinit$$00000023)
    __rt_lib_init_heap_1                     0x080001a3   Thumb Code     0  libinit2.o(.ARM.Collect$$libinit$$0000000A)
    __rt_lib_init_lc_collate_1               0x080001a3   Thumb Code     0  libinit2.o(.ARM.Collect$$libinit$$00000011)
    __rt_lib_init_lc_ctype_1                 0x080001a3   Thumb Code     0  libinit2.o(.ARM.Collect$$libinit$$00000013)
    __rt_lib_init_lc_monetary_1              0x080001a3   Thumb Code     0  libinit2.o(.ARM.Collect$$libinit$$00000015)
    __rt_lib_init_lc_numeric_1               0x080001a3   Thumb Code     0  libinit2.o(.ARM.Collect$$libinit$$00000017)
    __rt_lib_init_lc_time_1                  0x080001a3   Thumb Code     0  libinit2.o(.ARM.Collect$$libinit$$00000019)
    __rt_lib_init_preinit_1                  0x080001a3   Thumb Code     0  libinit2.o(.ARM.Collect$$libinit$$00000004)
    __rt_lib_init_rand_1                     0x080001a3   Thumb Code     0  libinit2.o(.ARM.Collect$$libinit$$0000000E)
    __rt_lib_init_return                     0x080001a3   Thumb Code     0  libinit2.o(.ARM.Collect$$libinit$$00000033)
    __rt_lib_init_signal_1                   0x080001a3   Thumb Code     0  libinit2.o(.ARM.Collect$$libinit$$0000001D)
    __rt_lib_init_stdio_1                    0x080001a3   Thumb Code     0  libinit2.o(.ARM.Collect$$libinit$$00000025)
    __rt_lib_init_user_alloc_1               0x080001a3   Thumb Code     0  libinit2.o(.ARM.Collect$$libinit$$0000000C)
    __rt_lib_shutdown                        0x080001a5   Thumb Code     0  libshutdown.o(.ARM.Collect$$libshutdown$$00000000)
    __rt_lib_shutdown_cpp_1                  0x080001a7   Thumb Code     0  libshutdown2.o(.ARM.Collect$$libshutdown$$00000002)
    __rt_lib_shutdown_fp_trap_1              0x080001a7   Thumb Code     0  libshutdown2.o(.ARM.Collect$$libshutdown$$00000007)
    __rt_lib_shutdown_heap_1                 0x080001a7   Thumb Code     0  libshutdown2.o(.ARM.Collect$$libshutdown$$0000000F)
    __rt_lib_shutdown_return                 0x080001a7   Thumb Code     0  libshutdown2.o(.ARM.Collect$$libshutdown$$00000010)
    __rt_lib_shutdown_signal_1               0x080001a7   Thumb Code     0  libshutdown2.o(.ARM.Collect$$libshutdown$$0000000A)
    __rt_lib_shutdown_stdio_1                0x080001a7   Thumb Code     0  libshutdown2.o(.ARM.Collect$$libshutdown$$00000004)
    __rt_lib_shutdown_user_alloc_1           0x080001a7   Thumb Code     0  libshutdown2.o(.ARM.Collect$$libshutdown$$0000000C)
    __rt_entry                               0x080001a9   Thumb Code     0  __rtentry.o(.ARM.Collect$$rtentry$$00000000)
    __rt_entry_presh_1                       0x080001a9   Thumb Code     0  __rtentry2.o(.ARM.Collect$$rtentry$$00000002)
    __rt_entry_sh                            0x080001a9   Thumb Code     0  __rtentry4.o(.ARM.Collect$$rtentry$$00000004)
    __rt_entry_li                            0x080001af   Thumb Code     0  __rtentry2.o(.ARM.Collect$$rtentry$$0000000A)
    __rt_entry_postsh_1                      0x080001af   Thumb Code     0  __rtentry2.o(.ARM.Collect$$rtentry$$00000009)
    __rt_entry_main                          0x080001b3   Thumb Code     0  __rtentry2.o(.ARM.Collect$$rtentry$$0000000D)
    __rt_entry_postli_1                      0x080001b3   Thumb Code     0  __rtentry2.o(.ARM.Collect$$rtentry$$0000000C)
    __rt_exit                                0x080001bb   Thumb Code     0  rtexit.o(.ARM.Collect$$rtexit$$00000000)
    __rt_exit_ls                             0x080001bd   Thumb Code     0  rtexit2.o(.ARM.Collect$$rtexit$$00000003)
    __rt_exit_prels_1                        0x080001bd   Thumb Code     0  rtexit2.o(.ARM.Collect$$rtexit$$00000002)
    __rt_exit_exit                           0x080001c1   Thumb Code     0  rtexit2.o(.ARM.Collect$$rtexit$$00000004)
    Reset_Handler                            0x080001c9   Thumb Code     8  startup_stm32f10x_md.o(.text)
    ADC1_2_IRQHandler                        0x080001e3   Thumb Code     0  startup_stm32f10x_md.o(.text)
    CAN1_RX1_IRQHandler                      0x080001e3   Thumb Code     0  startup_stm32f10x_md.o(.text)
    CAN1_SCE_IRQHandler                      0x080001e3   Thumb Code     0  startup_stm32f10x_md.o(.text)
    DMA1_Channel1_IRQHandler                 0x080001e3   Thumb Code     0  startup_stm32f10x_md.o(.text)
    DMA1_Channel2_IRQHandler                 0x080001e3   Thumb Code     0  startup_stm32f10x_md.o(.text)
    DMA1_Channel3_IRQHandler                 0x080001e3   Thumb Code     0  startup_stm32f10x_md.o(.text)
    DMA1_Channel4_IRQHandler                 0x080001e3   Thumb Code     0  startup_stm32f10x_md.o(.text)
    DMA1_Channel5_IRQHandler                 0x080001e3   Thumb Code     0  startup_stm32f10x_md.o(.text)
    DMA1_Channel6_IRQHandler                 0x080001e3   Thumb Code     0  startup_stm32f10x_md.o(.text)
    DMA1_Channel7_IRQHandler                 0x080001e3   Thumb Code     0  startup_stm32f10x_md.o(.text)
    EXTI0_IRQHandler                         0x080001e3   Thumb Code     0  startup_stm32f10x_md.o(.text)
    EXTI15_10_IRQHandler                     0x080001e3   Thumb Code     0  startup_stm32f10x_md.o(.text)
    EXTI1_IRQHandler                         0x080001e3   Thumb Code     0  startup_stm32f10x_md.o(.text)
    EXTI2_IRQHandler                         0x080001e3   Thumb Code     0  startup_stm32f10x_md.o(.text)
    EXTI3_IRQHandler                         0x080001e3   Thumb Code     0  startup_stm32f10x_md.o(.text)
    EXTI4_IRQHandler                         0x080001e3   Thumb Code     0  startup_stm32f10x_md.o(.text)
    EXTI9_5_IRQHandler                       0x080001e3   Thumb Code     0  startup_stm32f10x_md.o(.text)
    FLASH_IRQHandler                         0x080001e3   Thumb Code     0  startup_stm32f10x_md.o(.text)
    I2C1_ER_IRQHandler                       0x080001e3   Thumb Code     0  startup_stm32f10x_md.o(.text)
    I2C1_EV_IRQHandler                       0x080001e3   Thumb Code     0  startup_stm32f10x_md.o(.text)
    I2C2_ER_IRQHandler                       0x080001e3   Thumb Code     0  startup_stm32f10x_md.o(.text)
    I2C2_EV_IRQHandler                       0x080001e3   Thumb Code     0  startup_stm32f10x_md.o(.text)
    PVD_IRQHandler                           0x080001e3   Thumb Code     0  startup_stm32f10x_md.o(.text)
    RCC_IRQHandler                           0x080001e3   Thumb Code     0  startup_stm32f10x_md.o(.text)
    RTCAlarm_IRQHandler                      0x080001e3   Thumb Code     0  startup_stm32f10x_md.o(.text)
    RTC_IRQHandler                           0x080001e3   Thumb Code     0  startup_stm32f10x_md.o(.text)
    SPI1_IRQHandler                          0x080001e3   Thumb Code     0  startup_stm32f10x_md.o(.text)
    SPI2_IRQHandler                          0x080001e3   Thumb Code     0  startup_stm32f10x_md.o(.text)
    TAMPER_IRQHandler                        0x080001e3   Thumb Code     0  startup_stm32f10x_md.o(.text)
    TIM1_BRK_IRQHandler                      0x080001e3   Thumb Code     0  startup_stm32f10x_md.o(.text)
    TIM1_CC_IRQHandler                       0x080001e3   Thumb Code     0  startup_stm32f10x_md.o(.text)
    TIM1_TRG_COM_IRQHandler                  0x080001e3   Thumb Code     0  startup_stm32f10x_md.o(.text)
    TIM1_UP_IRQHandler                       0x080001e3   Thumb Code     0  startup_stm32f10x_md.o(.text)
    TIM2_IRQHandler                          0x080001e3   Thumb Code     0  startup_stm32f10x_md.o(.text)
    TIM3_IRQHandler                          0x080001e3   Thumb Code     0  startup_stm32f10x_md.o(.text)
    TIM4_IRQHandler                          0x080001e3   Thumb Code     0  startup_stm32f10x_md.o(.text)
    USART2_IRQHandler                        0x080001e3   Thumb Code     0  startup_stm32f10x_md.o(.text)
    USART3_IRQHandler                        0x080001e3   Thumb Code     0  startup_stm32f10x_md.o(.text)
    USBWakeUp_IRQHandler                     0x080001e3   Thumb Code     0  startup_stm32f10x_md.o(.text)
    USB_HP_CAN1_TX_IRQHandler                0x080001e3   Thumb Code     0  startup_stm32f10x_md.o(.text)
    USB_LP_CAN1_RX0_IRQHandler               0x080001e3   Thumb Code     0  startup_stm32f10x_md.o(.text)
    WWDG_IRQHandler                          0x080001e3   Thumb Code     0  startup_stm32f10x_md.o(.text)
    __user_initial_stackheap                 0x080001e5   Thumb Code     0  startup_stm32f10x_md.o(.text)
    __use_no_semihosting                     0x08000209   Thumb Code     2  use_no_semi_2.o(.text)
    __use_two_region_memory                  0x0800020b   Thumb Code     2  heapauxi.o(.text)
    __rt_heap_escrow$2region                 0x0800020d   Thumb Code     2  heapauxi.o(.text)
    __rt_heap_expand$2region                 0x0800020f   Thumb Code     2  heapauxi.o(.text)
    __I$use$semihosting                      0x08000211   Thumb Code     0  use_no_semi.o(.text)
    __use_no_semihosting_swi                 0x08000211   Thumb Code     2  use_no_semi.o(.text)
    __user_setup_stackheap                   0x08000213   Thumb Code    74  sys_stackheap_outer.o(.text)
    exit                                     0x0800025d   Thumb Code    18  exit.o(.text)
    __user_libspace                          0x08000271   Thumb Code     8  libspace.o(.text)
    __user_perproc_libspace                  0x08000271   Thumb Code     0  libspace.o(.text)
    __user_perthread_libspace                0x08000271   Thumb Code     0  libspace.o(.text)
    BusFault_Handler                         0x08000279   Thumb Code     4  stm32f10x_it.o(i.BusFault_Handler)
    Clock_Test                               0x0800027d   Thumb Code   322  oled.o(i.Clock_Test)
    DebugMon_Handler                         0x080003e9   Thumb Code     2  stm32f10x_it.o(i.DebugMon_Handler)
    Fill_Enable_Disable                      0x080003eb   Thumb Code    18  ssd1331.o(i.Fill_Enable_Disable)
    Fill_RAM                                 0x080003fd   Thumb Code    64  ssd1331.o(i.Fill_RAM)
    GPIO_Init                                0x0800043d   Thumb Code   278  stm32f10x_gpio.o(i.GPIO_Init)
    GPIO_ResetBits                           0x08000553   Thumb Code     4  stm32f10x_gpio.o(i.GPIO_ResetBits)
    GPIO_SetBits                             0x08000557   Thumb Code     4  stm32f10x_gpio.o(i.GPIO_SetBits)
    HardFault_Handler                        0x0800055b   Thumb Code     4  stm32f10x_it.o(i.HardFault_Handler)
    LED_Check                                0x08000561   Thumb Code    28  led.o(i.LED_Check)
    LED_Init                                 0x08000581   Thumb Code    48  led.o(i.LED_Init)
    MemManage_Handler                        0x080005b5   Thumb Code     4  stm32f10x_it.o(i.MemManage_Handler)
    NMI_Handler                              0x080005b9   Thumb Code     2  stm32f10x_it.o(i.NMI_Handler)
    OLED_Init                                0x080005bd   Thumb Code   228  oled.o(i.OLED_Init)
    PendSV_Handler                           0x080006a5   Thumb Code     2  stm32f10x_it.o(i.PendSV_Handler)
    RCC_APB2PeriphClockCmd                   0x080006a9   Thumb Code    26  stm32f10x_rcc.o(i.RCC_APB2PeriphClockCmd)
    SVC_Handler                              0x080006c9   Thumb Code     2  stm32f10x_it.o(i.SVC_Handler)
    Set_Column_Address                       0x080007b5   Thumb Code    26  ssd1331.o(i.Set_Column_Address)
    Set_Contrast_Color                       0x080007cf   Thumb Code    46  ssd1331.o(i.Set_Contrast_Color)
    Set_Display_Mode                         0x080007fd   Thumb Code    14  ssd1331.o(i.Set_Display_Mode)
    Set_Display_Offset                       0x0800080b   Thumb Code    18  ssd1331.o(i.Set_Display_Offset)
    Set_Display_On_Off                       0x0800081d   Thumb Code    14  ssd1331.o(i.Set_Display_On_Off)
    Set_Master_Configuration                 0x0800082b   Thumb Code    18  ssd1331.o(i.Set_Master_Configuration)
    Set_Master_Current                       0x0800083d   Thumb Code    18  ssd1331.o(i.Set_Master_Current)
    Set_Multiplex_Ratio                      0x0800084f   Thumb Code    18  ssd1331.o(i.Set_Multiplex_Ratio)
    Set_Oscillator_Frequency_Clock_Divider   0x08000861   Thumb Code    18  ssd1331.o(i.Set_Oscillator_Frequency_Clock_Divider)
    Set_Power_Saving_Mode                    0x08000873   Thumb Code    18  ssd1331.o(i.Set_Power_Saving_Mode)
    Set_Pre_charge_Level                     0x08000885   Thumb Code    18  ssd1331.o(i.Set_Pre_charge_Level)
    Set_Remap_Format                         0x08000897   Thumb Code    18  ssd1331.o(i.Set_Remap_Format)
    Set_Reset_Pre_charge_period              0x080008a9   Thumb Code    18  ssd1331.o(i.Set_Reset_Pre_charge_period)
    Set_Row_Address                          0x080008bb   Thumb Code    26  ssd1331.o(i.Set_Row_Address)
    Set_Second_Pre_charge_Speed_of_Color     0x080008d5   Thumb Code    46  ssd1331.o(i.Set_Second_Pre_charge_Speed_of_Color)
    Set_Start_Line                           0x08000903   Thumb Code    18  ssd1331.o(i.Set_Start_Line)
    Set_VCOMH                                0x08000915   Thumb Code    18  ssd1331.o(i.Set_VCOMH)
    Show_64k_Pattern                         0x08000927   Thumb Code    82  ssd1331.o(i.Show_64k_Pattern)
    SysTick_CLKSourceConfig                  0x08000979   Thumb Code    40  misc_1.o(i.SysTick_CLKSourceConfig)
    SysTick_Handler                          0x080009a1   Thumb Code     2  stm32f10x_it.o(i.SysTick_Handler)
    SystemInit                               0x080009a5   Thumb Code    78  system_stm32f10x.o(i.SystemInit)
    USART1_IRQHandler                        0x08000a05   Thumb Code   122  usart.o(i.USART1_IRQHandler)
    USART_GetITStatus                        0x08000a8d   Thumb Code    84  stm32f10x_usart.o(i.USART_GetITStatus)
    USART_ReceiveData                        0x08000ae1   Thumb Code    10  stm32f10x_usart.o(i.USART_ReceiveData)
    UsageFault_Handler                       0x08000aeb   Thumb Code     4  stm32f10x_it.o(i.UsageFault_Handler)
    Write_Command                            0x08000af1   Thumb Code    94  ssd1331.o(i.Write_Command)
    Write_Data                               0x08000b55   Thumb Code    94  ssd1331.o(i.Write_Data)
    _sys_exit                                0x08000bb9   Thumb Code     6  usart.o(i._sys_exit)
    delay_init                               0x08000bc1   Thumb Code    50  delay.o(i.delay_init)
    delay_ms                                 0x08000c05   Thumb Code    72  delay.o(i.delay_ms)
    main                                     0x08000c51   Thumb Code    24  main.o(i.main)
    ssd1331_display_Chinese                  0x08000c69   Thumb Code   110  oled.o(i.ssd1331_display_Chinese)
    ssd1331_display_char                     0x08000cdd   Thumb Code   236  oled.o(i.ssd1331_display_char)
    ssd1331_display_string                   0x08000dd9   Thumb Code   130  oled.o(i.ssd1331_display_string)
    ssd1331_draw_64Kpattern                  0x08000e5b   Thumb Code    38  oled.o(i.ssd1331_draw_64Kpattern)
    ssd1331_draw_bitmap                      0x08000e81   Thumb Code   112  oled.o(i.ssd1331_draw_bitmap)
    ssd1331_draw_point                       0x08000ef1   Thumb Code    44  oled.o(i.ssd1331_draw_point)
    ssd1331_set_color                        0x08000f1d   Thumb Code    18  oled.o(i.ssd1331_set_color)
    uOLED_Delay                              0x08000f2f   Thumb Code    14  ssd1331.o(i.uOLED_Delay)
    Region$$Table$$Base                      0x08000f3c   Number         0  anon$$obj.o(Region$$Table)
    Region$$Table$$Limit                     0x08000f5c   Number         0  anon$$obj.o(Region$$Table)
    SystemCoreClock                          0x20000000   Data           4  system_stm32f10x.o(.data)
    AHBPrescTable                            0x20000004   Data          16  system_stm32f10x.o(.data)
    __stdout                                 0x20000018   Data           4  usart.o(.data)
    USART_RX_STA                             0x2000001c   Data           2  usart.o(.data)
    oled_asc2_1206                           0x2000001e   Data        1140  font.o(.data)
    oled_asc2_1608                           0x20000492   Data        1520  font.o(.data)
    oled_asc2_1612                           0x20000a82   Data         352  font.o(.data)
    oled_asc2_3216                           0x20000be2   Data         704  font.o(.data)
    CHINESE                                  0x20000ea2   Data         192  font.o(.data)
    gImage_hebust_40x39                      0x20000f62   Data        3122  gimage.o(.data)
    c_chBmp_40x16                            0x20001b94   Data          98  gimage.o(.data)
    c_chSingal_8x16                          0x20001bf6   Data          18  gimage.o(.data)
    c_chMsg_8x16                             0x20001c08   Data          18  gimage.o(.data)
    c_chBat_8x16                             0x20001c1a   Data          18  gimage.o(.data)
    c_chBluetooth_8x8                        0x20001c2c   Data          10  gimage.o(.data)
    c_chGPRS_8x8                             0x20001c36   Data          10  gimage.o(.data)
    c_chAlarm_8x8                            0x20001c40   Data          10  gimage.o(.data)
    USART_RX_BUF                             0x20001c4c   Data         200  usart.o(.bss)
    __libspace_start                         0x20001d14   Data          96  libspace.o(.bss)
    __temporary_stack_top$libspace           0x20001d74   Data           0  libspace.o(.bss)



==============================================================================

Memory Map of the image

  Image Entry point : 0x080001c9

  Load Region LR_1 (Base: 0x08000000, Size: 0x00002ba8, Max: 0xffffffff, ABSOLUTE, COMPRESSED[0x00001fac])

    Execution Region ER_RO (Exec base: 0x08000000, Load base: 0x08000000, Size: 0x00000f5c, Max: 0xffffffff, ABSOLUTE)

    Exec Addr    Load Addr    Size         Type   Attr      Idx    E Section Name        Object

    0x08000000   0x08000000   0x000000ec   Data   RO          307    RESET               startup_stm32f10x_md.o
    0x080000ec   0x080000ec   0x00000008   Code   RO         1284  * !!!main             c_w.l(__main.o)
    0x080000f4   0x080000f4   0x00000034   Code   RO         1441    !!!scatter          c_w.l(__scatter.o)
    0x08000128   0x08000128   0x0000005a   Code   RO         1439    !!dczerorl2         c_w.l(__dczerorl2.o)
    0x08000182   0x08000182   0x00000002   PAD
    0x08000184   0x08000184   0x0000001c   Code   RO         1443    !!handler_zi        c_w.l(__scatter_zi.o)
    0x080001a0   0x080001a0   0x00000002   Code   RO         1313    .ARM.Collect$$libinit$$00000000  c_w.l(libinit.o)
    0x080001a2   0x080001a2   0x00000000   Code   RO         1320    .ARM.Collect$$libinit$$00000002  c_w.l(libinit2.o)
    0x080001a2   0x080001a2   0x00000000   Code   RO         1322    .ARM.Collect$$libinit$$00000004  c_w.l(libinit2.o)
    0x080001a2   0x080001a2   0x00000000   Code   RO         1325    .ARM.Collect$$libinit$$0000000A  c_w.l(libinit2.o)
    0x080001a2   0x080001a2   0x00000000   Code   RO         1327    .ARM.Collect$$libinit$$0000000C  c_w.l(libinit2.o)
    0x080001a2   0x080001a2   0x00000000   Code   RO         1329    .ARM.Collect$$libinit$$0000000E  c_w.l(libinit2.o)
    0x080001a2   0x080001a2   0x00000000   Code   RO         1332    .ARM.Collect$$libinit$$00000011  c_w.l(libinit2.o)
    0x080001a2   0x080001a2   0x00000000   Code   RO         1334    .ARM.Collect$$libinit$$00000013  c_w.l(libinit2.o)
    0x080001a2   0x080001a2   0x00000000   Code   RO         1336    .ARM.Collect$$libinit$$00000015  c_w.l(libinit2.o)
    0x080001a2   0x080001a2   0x00000000   Code   RO         1338    .ARM.Collect$$libinit$$00000017  c_w.l(libinit2.o)
    0x080001a2   0x080001a2   0x00000000   Code   RO         1340    .ARM.Collect$$libinit$$00000019  c_w.l(libinit2.o)
    0x080001a2   0x080001a2   0x00000000   Code   RO         1342    .ARM.Collect$$libinit$$0000001B  c_w.l(libinit2.o)
    0x080001a2   0x080001a2   0x00000000   Code   RO         1344    .ARM.Collect$$libinit$$0000001D  c_w.l(libinit2.o)
    0x080001a2   0x080001a2   0x00000000   Code   RO         1346    .ARM.Collect$$libinit$$0000001F  c_w.l(libinit2.o)
    0x080001a2   0x080001a2   0x00000000   Code   RO         1348    .ARM.Collect$$libinit$$00000021  c_w.l(libinit2.o)
    0x080001a2   0x080001a2   0x00000000   Code   RO         1350    .ARM.Collect$$libinit$$00000023  c_w.l(libinit2.o)
    0x080001a2   0x080001a2   0x00000000   Code   RO         1352    .ARM.Collect$$libinit$$00000025  c_w.l(libinit2.o)
    0x080001a2   0x080001a2   0x00000000   Code   RO         1356    .ARM.Collect$$libinit$$0000002C  c_w.l(libinit2.o)
    0x080001a2   0x080001a2   0x00000000   Code   RO         1358    .ARM.Collect$$libinit$$0000002E  c_w.l(libinit2.o)
    0x080001a2   0x080001a2   0x00000000   Code   RO         1360    .ARM.Collect$$libinit$$00000030  c_w.l(libinit2.o)
    0x080001a2   0x080001a2   0x00000000   Code   RO         1362    .ARM.Collect$$libinit$$00000032  c_w.l(libinit2.o)
    0x080001a2   0x080001a2   0x00000002   Code   RO         1363    .ARM.Collect$$libinit$$00000033  c_w.l(libinit2.o)
    0x080001a4   0x080001a4   0x00000002   Code   RO         1381    .ARM.Collect$$libshutdown$$00000000  c_w.l(libshutdown.o)
    0x080001a6   0x080001a6   0x00000000   Code   RO         1391    .ARM.Collect$$libshutdown$$00000002  c_w.l(libshutdown2.o)
    0x080001a6   0x080001a6   0x00000000   Code   RO         1393    .ARM.Collect$$libshutdown$$00000004  c_w.l(libshutdown2.o)
    0x080001a6   0x080001a6   0x00000000   Code   RO         1396    .ARM.Collect$$libshutdown$$00000007  c_w.l(libshutdown2.o)
    0x080001a6   0x080001a6   0x00000000   Code   RO         1399    .ARM.Collect$$libshutdown$$0000000A  c_w.l(libshutdown2.o)
    0x080001a6   0x080001a6   0x00000000   Code   RO         1401    .ARM.Collect$$libshutdown$$0000000C  c_w.l(libshutdown2.o)
    0x080001a6   0x080001a6   0x00000000   Code   RO         1404    .ARM.Collect$$libshutdown$$0000000F  c_w.l(libshutdown2.o)
    0x080001a6   0x080001a6   0x00000002   Code   RO         1405    .ARM.Collect$$libshutdown$$00000010  c_w.l(libshutdown2.o)
    0x080001a8   0x080001a8   0x00000000   Code   RO         1288    .ARM.Collect$$rtentry$$00000000  c_w.l(__rtentry.o)
    0x080001a8   0x080001a8   0x00000000   Code   RO         1290    .ARM.Collect$$rtentry$$00000002  c_w.l(__rtentry2.o)
    0x080001a8   0x080001a8   0x00000006   Code   RO         1302    .ARM.Collect$$rtentry$$00000004  c_w.l(__rtentry4.o)
    0x080001ae   0x080001ae   0x00000000   Code   RO         1292    .ARM.Collect$$rtentry$$00000009  c_w.l(__rtentry2.o)
    0x080001ae   0x080001ae   0x00000004   Code   RO         1293    .ARM.Collect$$rtentry$$0000000A  c_w.l(__rtentry2.o)
    0x080001b2   0x080001b2   0x00000000   Code   RO         1295    .ARM.Collect$$rtentry$$0000000C  c_w.l(__rtentry2.o)
    0x080001b2   0x080001b2   0x00000008   Code   RO         1296    .ARM.Collect$$rtentry$$0000000D  c_w.l(__rtentry2.o)
    0x080001ba   0x080001ba   0x00000002   Code   RO         1317    .ARM.Collect$$rtexit$$00000000  c_w.l(rtexit.o)
    0x080001bc   0x080001bc   0x00000000   Code   RO         1365    .ARM.Collect$$rtexit$$00000002  c_w.l(rtexit2.o)
    0x080001bc   0x080001bc   0x00000004   Code   RO         1366    .ARM.Collect$$rtexit$$00000003  c_w.l(rtexit2.o)
    0x080001c0   0x080001c0   0x00000006   Code   RO         1367    .ARM.Collect$$rtexit$$00000004  c_w.l(rtexit2.o)
    0x080001c6   0x080001c6   0x00000002   PAD
    0x080001c8   0x080001c8   0x00000040   Code   RO          308  * .text               startup_stm32f10x_md.o
    0x08000208   0x08000208   0x00000002   Code   RO         1278    .text               c_w.l(use_no_semi_2.o)
    0x0800020a   0x0800020a   0x00000006   Code   RO         1282    .text               c_w.l(heapauxi.o)
    0x08000210   0x08000210   0x00000002   Code   RO         1286    .text               c_w.l(use_no_semi.o)
    0x08000212   0x08000212   0x0000004a   Code   RO         1304    .text               c_w.l(sys_stackheap_outer.o)
    0x0800025c   0x0800025c   0x00000012   Code   RO         1306    .text               c_w.l(exit.o)
    0x0800026e   0x0800026e   0x00000002   PAD
    0x08000270   0x08000270   0x00000008   Code   RO         1314    .text               c_w.l(libspace.o)
    0x08000278   0x08000278   0x00000004   Code   RO           69    i.BusFault_Handler  stm32f10x_it.o
    0x0800027c   0x0800027c   0x0000016c   Code   RO          863    i.Clock_Test        oled.o
    0x080003e8   0x080003e8   0x00000002   Code   RO           70    i.DebugMon_Handler  stm32f10x_it.o
    0x080003ea   0x080003ea   0x00000012   Code   RO         1006    i.Fill_Enable_Disable  ssd1331.o
    0x080003fc   0x080003fc   0x00000040   Code   RO         1007    i.Fill_RAM          ssd1331.o
    0x0800043c   0x0800043c   0x00000116   Code   RO          318    i.GPIO_Init         stm32f10x_gpio.o
    0x08000552   0x08000552   0x00000004   Code   RO          325    i.GPIO_ResetBits    stm32f10x_gpio.o
    0x08000556   0x08000556   0x00000004   Code   RO          326    i.GPIO_SetBits      stm32f10x_gpio.o
    0x0800055a   0x0800055a   0x00000004   Code   RO           71    i.HardFault_Handler  stm32f10x_it.o
    0x0800055e   0x0800055e   0x00000002   PAD
    0x08000560   0x08000560   0x00000020   Code   RO          842    i.LED_Check         led.o
    0x08000580   0x08000580   0x00000034   Code   RO          843    i.LED_Init          led.o
    0x080005b4   0x080005b4   0x00000004   Code   RO           72    i.MemManage_Handler  stm32f10x_it.o
    0x080005b8   0x080005b8   0x00000002   Code   RO           73    i.NMI_Handler       stm32f10x_it.o
    0x080005ba   0x080005ba   0x00000002   PAD
    0x080005bc   0x080005bc   0x000000e8   Code   RO          864    i.OLED_Init         oled.o
    0x080006a4   0x080006a4   0x00000002   Code   RO           74    i.PendSV_Handler    stm32f10x_it.o
    0x080006a6   0x080006a6   0x00000002   PAD
    0x080006a8   0x080006a8   0x00000020   Code   RO          430    i.RCC_APB2PeriphClockCmd  stm32f10x_rcc.o
    0x080006c8   0x080006c8   0x00000002   Code   RO           75    i.SVC_Handler       stm32f10x_it.o
    0x080006ca   0x080006ca   0x00000008   Code   RO          158    i.SetSysClock       system_stm32f10x.o
    0x080006d2   0x080006d2   0x00000002   PAD
    0x080006d4   0x080006d4   0x000000e0   Code   RO          159    i.SetSysClockTo72   system_stm32f10x.o
    0x080007b4   0x080007b4   0x0000001a   Code   RO         1011    i.Set_Column_Address  ssd1331.o
    0x080007ce   0x080007ce   0x0000002e   Code   RO         1013    i.Set_Contrast_Color  ssd1331.o
    0x080007fc   0x080007fc   0x0000000e   Code   RO         1014    i.Set_Display_Mode  ssd1331.o
    0x0800080a   0x0800080a   0x00000012   Code   RO         1015    i.Set_Display_Offset  ssd1331.o
    0x0800081c   0x0800081c   0x0000000e   Code   RO         1016    i.Set_Display_On_Off  ssd1331.o
    0x0800082a   0x0800082a   0x00000012   Code   RO         1019    i.Set_Master_Configuration  ssd1331.o
    0x0800083c   0x0800083c   0x00000012   Code   RO         1020    i.Set_Master_Current  ssd1331.o
    0x0800084e   0x0800084e   0x00000012   Code   RO         1021    i.Set_Multiplex_Ratio  ssd1331.o
    0x08000860   0x08000860   0x00000012   Code   RO         1022    i.Set_Oscillator_Frequency_Clock_Divider  ssd1331.o
    0x08000872   0x08000872   0x00000012   Code   RO         1023    i.Set_Power_Saving_Mode  ssd1331.o
    0x08000884   0x08000884   0x00000012   Code   RO         1024    i.Set_Pre_charge_Level  ssd1331.o
    0x08000896   0x08000896   0x00000012   Code   RO         1025    i.Set_Remap_Format  ssd1331.o
    0x080008a8   0x080008a8   0x00000012   Code   RO         1026    i.Set_Reset_Pre_charge_period  ssd1331.o
    0x080008ba   0x080008ba   0x0000001a   Code   RO         1027    i.Set_Row_Address   ssd1331.o
    0x080008d4   0x080008d4   0x0000002e   Code   RO         1028    i.Set_Second_Pre_charge_Speed_of_Color  ssd1331.o
    0x08000902   0x08000902   0x00000012   Code   RO         1029    i.Set_Start_Line    ssd1331.o
    0x08000914   0x08000914   0x00000012   Code   RO         1030    i.Set_VCOMH         ssd1331.o
    0x08000926   0x08000926   0x00000052   Code   RO         1032    i.Show_64k_Pattern  ssd1331.o
    0x08000978   0x08000978   0x00000028   Code   RO          810    i.SysTick_CLKSourceConfig  misc_1.o
    0x080009a0   0x080009a0   0x00000002   Code   RO           76    i.SysTick_Handler   stm32f10x_it.o
    0x080009a2   0x080009a2   0x00000002   PAD
    0x080009a4   0x080009a4   0x00000060   Code   RO          161    i.SystemInit        system_stm32f10x.o
    0x08000a04   0x08000a04   0x00000088   Code   RO          253    i.USART1_IRQHandler  usart.o
    0x08000a8c   0x08000a8c   0x00000054   Code   RO          634    i.USART_GetITStatus  stm32f10x_usart.o
    0x08000ae0   0x08000ae0   0x0000000a   Code   RO          644    i.USART_ReceiveData  stm32f10x_usart.o
    0x08000aea   0x08000aea   0x00000004   Code   RO           77    i.UsageFault_Handler  stm32f10x_it.o
    0x08000aee   0x08000aee   0x00000002   PAD
    0x08000af0   0x08000af0   0x00000064   Code   RO         1035    i.Write_Command     ssd1331.o
    0x08000b54   0x08000b54   0x00000064   Code   RO         1036    i.Write_Data        ssd1331.o
    0x08000bb8   0x08000bb8   0x00000006   Code   RO          254    i._sys_exit         usart.o
    0x08000bbe   0x08000bbe   0x00000002   PAD
    0x08000bc0   0x08000bc0   0x00000044   Code   RO          192    i.delay_init        delay.o
    0x08000c04   0x08000c04   0x0000004c   Code   RO          193    i.delay_ms          delay.o
    0x08000c50   0x08000c50   0x00000018   Code   RO            1    i.main              main.o
    0x08000c68   0x08000c68   0x00000074   Code   RO          870    i.ssd1331_display_Chinese  oled.o
    0x08000cdc   0x08000cdc   0x000000fc   Code   RO          871    i.ssd1331_display_char  oled.o
    0x08000dd8   0x08000dd8   0x00000082   Code   RO          873    i.ssd1331_display_string  oled.o
    0x08000e5a   0x08000e5a   0x00000026   Code   RO          875    i.ssd1331_draw_64Kpattern  oled.o
    0x08000e80   0x08000e80   0x00000070   Code   RO          876    i.ssd1331_draw_bitmap  oled.o
    0x08000ef0   0x08000ef0   0x0000002c   Code   RO          878    i.ssd1331_draw_point  oled.o
    0x08000f1c   0x08000f1c   0x00000012   Code   RO          882    i.ssd1331_set_color  oled.o
    0x08000f2e   0x08000f2e   0x0000000e   Code   RO         1038    i.uOLED_Delay       ssd1331.o
    0x08000f3c   0x08000f3c   0x00000020   Data   RO         1437    Region$$Table       anon$$obj.o


    Execution Region ER_RW (Exec base: 0x20000000, Load base: 0x08000f5c, Size: 0x00001c4c, Max: 0xffffffff, ABSOLUTE, COMPRESSED[0x00001050])

    Exec Addr    Load Addr    Size         Type   Attr      Idx    E Section Name        Object

    0x20000000   COMPRESSED   0x00000014   Data   RW          162    .data               system_stm32f10x.o
    0x20000014   COMPRESSED   0x00000004   Data   RW          195    .data               delay.o
    0x20000018   COMPRESSED   0x00000006   Data   RW          258    .data               usart.o
    0x2000001e   COMPRESSED   0x00000f44   Data   RW         1250    .data               font.o
    0x20000f62   COMPRESSED   0x00000ce8   Data   RW         1263    .data               gimage.o


    Execution Region ER_ZI (Exec base: 0x20001c4c, Load base: 0x08001fac, Size: 0x0000072c, Max: 0xffffffff, ABSOLUTE)

    Exec Addr    Load Addr    Size         Type   Attr      Idx    E Section Name        Object

    0x20001c4c        -       0x000000c8   Zero   RW          257    .bss                usart.o
    0x20001d14        -       0x00000060   Zero   RW         1315    .bss                c_w.l(libspace.o)
    0x20001d74   0x08001fac   0x00000004   PAD
    0x20001d78        -       0x00000200   Zero   RW          306    HEAP                startup_stm32f10x_md.o
    0x20001f78        -       0x00000400   Zero   RW          305    STACK               startup_stm32f10x_md.o


==============================================================================

Image component sizes


      Code (inc. data)   RO Data    RW Data    ZI Data      Debug   Object Name

         0          0          0          0          0         32   core_cm3.o
       144         22          0          4          0     202880   delay.o
         0          0          0       3908          0        806   font.o
         0          0          0       3304          0        955   gimage.o
        84          8          0          0          0        927   led.o
        24          0          0          0          0      13867   main.o
        40          0          0          0          0        506   misc_1.o
      1306         68          0          0          0       7280   oled.o
       748         12          0          0          0      13615   ssd1331.o
        64         26        236          0       1536        796   startup_stm32f10x_md.o
       286          0          0          0          0       2956   stm32f10x_gpio.o
        26          0          0          0          0      18078   stm32f10x_it.o
        32          6          0          0          0        553   stm32f10x_rcc.o
        94          0          0          0          0       2676   stm32f10x_usart.o
       328         28          0         20          0       2077   system_stm32f10x.o
       142         14          0          6        200       2920   usart.o

    ----------------------------------------------------------------------
      3332        184        268       7244       1736     270924   Object Totals
         0          0         32          0          0          0   (incl. Generated)
        14          0          0          2          0          0   (incl. Padding)

    ----------------------------------------------------------------------

      Code (inc. data)   RO Data    RW Data    ZI Data      Debug   Library Member Name

        90          0          0          0          0          0   __dczerorl2.o
         8          0          0          0          0         68   __main.o
         0          0          0          0          0          0   __rtentry.o
        12          0          0          0          0          0   __rtentry2.o
         6          0          0          0          0          0   __rtentry4.o
        52          8          0          0          0          0   __scatter.o
        28          0          0          0          0          0   __scatter_zi.o
        18          0          0          0          0         80   exit.o
         6          0          0          0          0        152   heapauxi.o
         2          0          0          0          0          0   libinit.o
         2          0          0          0          0          0   libinit2.o
         2          0          0          0          0          0   libshutdown.o
         2          0          0          0          0          0   libshutdown2.o
         8          4          0          0         96         68   libspace.o
         2          0          0          0          0          0   rtexit.o
        10          0          0          0          0          0   rtexit2.o
        74          0          0          0          0         80   sys_stackheap_outer.o
         2          0          0          0          0         68   use_no_semi.o
         2          0          0          0          0         68   use_no_semi_2.o

    ----------------------------------------------------------------------
       332         12          0          0        100        584   Library Totals
         6          0          0          0          4          0   (incl. Padding)

    ----------------------------------------------------------------------

      Code (inc. data)   RO Data    RW Data    ZI Data      Debug   Library Name

       326         12          0          0         96        584   c_w.l

    ----------------------------------------------------------------------
       332         12          0          0        100        584   Library Totals

    ----------------------------------------------------------------------

==============================================================================


      Code (inc. data)   RO Data    RW Data    ZI Data      Debug   

      3664        196        268       7244       1836     268540   Grand Totals
      3664        196        268       4176       1836     268540   ELF Image Totals (compressed)
      3664        196        268       4176          0          0   ROM Totals

==============================================================================

    Total RO  Size (Code + RO Data)                 3932 (   3.84kB)
    Total RW  Size (RW Data + ZI Data)              9080 (   8.87kB)
    Total ROM Size (Code + RO Data + RW Data)       8108 (   7.92kB)

==============================================================================

